****************************************
Report : congestion
Design : top
Version: V-2023.12-SP3
Date   : Fri Jun 27 18:16:58 2025
****************************************

Layer     |    overflow     |              # GRCs has
Name      |  total  |  max  | overflow (%)      | max overflow
---------------------------------------------------------------
Both Dirs |     396 |     3 |     339  ( 1.92%) |       5
H routing |       7 |     2 |       6  ( 0.07%) |       1
V routing |     389 |     3 |     333  ( 3.77%) |       5

----------------------------------------------------------------------------------------------
|                           Congestion hotspot cluster statistics                            |
----------------------------------------------------------------------------------------------
| Cluster index |                  Region                  |     Weight     | Total overflow |
----------------------------------------------------------------------------------------------
|             1 | {{35.3 43.4} {39.8 54.2}}                |            312 |             25 |
----------------------------------------------------------------------------------------------
|             2 | {{36.2 7.4} {39.8 18.2}}                 |            153 |             20 |
----------------------------------------------------------------------------------------------
|             3 | {{52.4 47.9} {56.9 54.2}}                |            135 |             14 |
----------------------------------------------------------------------------------------------
|             4 | {{52.4 29.9} {56.9 34.4}}                |            127 |             12 |
----------------------------------------------------------------------------------------------
|             5 | {{26.3 47} {29.9 51.5}}                  |            116 |              9 |
----------------------------------------------------------------------------------------------
|             6 | {{46.1 16.4} {48.8 22.7}}                |            105 |             14 |
----------------------------------------------------------------------------------------------
|             7 | {{45.2 48.8} {48.8 53.3}}                |            102 |              9 |
----------------------------------------------------------------------------------------------
|             8 | {{27.2 3.8} {29.9 8.3}}                  |             86 |              9 |
----------------------------------------------------------------------------------------------
|             9 | {{29.9 38} {34.4 42.5}}                  |             78 |             14 |
----------------------------------------------------------------------------------------------
|            10 | {{60.5 27.2} {65 31.7}}                  |             77 |             11 |
----------------------------------------------------------------------------------------------
| MAX:       19 |                                          |                |             25 |
----------------------------------------------------------------------------------------------
1
