****************************************
Report : power
        -significant_digits 2
Design : top
Version: V-2023.12-SP3
Date   : Fri Jun 27 18:16:58 2025
****************************************
Information: Activity for scenario FUNC_Slow was cached, no propagation required. (POW-005)
Mode: FUNC
Corner: Slow
Scenario: FUNC_Slow
Voltage: 0.99
Temperature: 0.00

Voltage Unit         : 1V
Capacitance Unit     : 1pF
Time Unit            : 1ns
Temperature Unit     : 1C
Dynamic Power Unit   : 1nW
Leakage Power Unit   : 1nW

Switched supply net power scaling:
scaling for leakage power

Supply nets:
VDD (power) probability 1.00 (default)
VSS (ground) probability 1.00 (default)
Warning: Power table extrapolation (extrapolation mode) for port CP on cell weight_mem/mem_reg[0][6] for parameter Tinp. Lowest table value = inf, highest table value = inf, value = 0.111103 (POW-046)
Warning: Power table extrapolation (extrapolation mode) for port CP on cell image_mem/mem_reg[0][6] for parameter Tinp. Lowest table value = inf, highest table value = inf, value = 0.111160 (POW-046)
Warning: Power table extrapolation (extrapolation mode) for port CP on cell mac_inst/mul_register_reg[14] for parameter Tinp. Lowest table value = inf, highest table value = inf, value = 0.063992 (POW-046)
Warning: Power table extrapolation (extrapolation mode) for port CP on cell weight_mem/data_out_reg[7] for parameter Tinp. Lowest table value = inf, highest table value = inf, value = 0.064259 (POW-046)
Warning: Power table extrapolation (extrapolation mode) for port CP on cell ctrl_inst/ac_mem_en_reg for parameter Tinp. Lowest table value = inf, highest table value = inf, value = 0.064411 (POW-046)
Warning: Power table extrapolation (extrapolation mode) for port CP on cell image_mem/data_out_reg[7] for parameter Tinp. Lowest table value = inf, highest table value = inf, value = 0.064125 (POW-046)
Warning: Power table extrapolation (extrapolation mode) for port CP on cell image_mem/mem_reg[2][1] for parameter Tinp. Lowest table value = inf, highest table value = inf, value = 0.102806 (POW-046)
Warning: Power table extrapolation (extrapolation mode) for port CP on cell mac_inst/acc_register_reg[15] for parameter Tinp. Lowest table value = inf, highest table value = inf, value = 0.068054 (POW-046)
Warning: Power table extrapolation (extrapolation mode) for port A1 on cell ctmi_12808 for parameter Tinp. Lowest table value = 0.001700, highest table value = 0.602200, value = 0.000420 (POW-046)
Warning: Power table extrapolation (extrapolation mode) for port CP on cell ctrl_inst/ctrl_state_reg[0] for parameter Tinp. Lowest table value = inf, highest table value = inf, value = 0.064354 (POW-046)
Warning: While computing leakage for instance 'xofiller!FILLER!FILL64BWP30P140!x24200y20000', mismatches in operating condition settings have been found in the design. (POW-039)
Warning: While computing leakage for instance 'xofiller!FILLER!FILL16BWP30P140!x113800y20000', mismatches in operating condition settings have been found in the design. (POW-039)
Warning: While computing leakage for instance 'xofiller!FILLER!FILL2BWP30P140!x136200y20000', mismatches in operating condition settings have been found in the design. (POW-039)
Warning: While computing leakage for instance 'xofiller!FILLER!FILL3BWP30P140!x165600y20000', mismatches in operating condition settings have been found in the design. (POW-039)
Warning: While computing leakage for instance 'xofiller!FILLER!FILL16BWP30P140!x202000y20000', mismatches in operating condition settings have been found in the design. (POW-039)
Warning: While computing leakage for instance 'xofiller!FILLER!FILL4BWP30P140!x224400y20000', mismatches in operating condition settings have been found in the design. (POW-039)
Warning: While computing leakage for instance 'xofiller!FILLER!FILL16BWP30P140!x416200y20000', mismatches in operating condition settings have been found in the design. (POW-039)
Warning: While computing leakage for instance 'xofiller!FILLER!FILL3BWP30P140!x438600y20000', mismatches in operating condition settings have been found in the design. (POW-039)
Warning: While computing leakage for instance 'xofiller!FILLER!FILL64BWP30P140!x475000y20000', mismatches in operating condition settings have been found in the design. (POW-039)
Warning: While computing leakage for instance 'xofiller!FILLER!FILL32BWP30P140!x564600y20000', mismatches in operating condition settings have been found in the design. (POW-039)

  Cell Internal Power    = 3.83e+06 nW ( 78.0%)
  Net Switching Power    = 1.08e+06 nW ( 22.0%)
Total Dynamic Power      = 4.91e+06 nW (100.0%)

Cell Leakage Power       = 2.75e+03 nW


  Attributes
  ----------
      u  -  User defined power group
      i  -  Includes clock pin internal power

Power Group         Internal Power        Switching Power          Leakage Power            Total Power    (   %  )    Attrs
-----------------------------------------------------------------------------------------------------------------------------
io_pad                    0.00e+00               0.00e+00               0.00e+00               0.00e+00    (  0.0%)         
memory                    0.00e+00               0.00e+00               0.00e+00               0.00e+00    (  0.0%)         
black_box                 0.00e+00               0.00e+00               0.00e+00               0.00e+00    (  0.0%)         
clock_network             3.76e+06               9.61e+05               5.06e+02               4.72e+06    ( 96.0%)        i
register                  3.45e+04               1.37e+04               1.47e+03               4.97e+04    (  1.0%)         
sequential                0.00e+00               0.00e+00               0.00e+00               0.00e+00    (  0.0%)         
combinational             4.04e+04               1.08e+05               7.72e+02               1.49e+05    (  3.0%)         
-----------------------------------------------------------------------------------------------------------------------------
Total                     3.83e+06 nW            1.08e+06 nW            2.75e+03 nW            4.92e+06 nW
1
