****************************************
Report : qor
Design : top
Version: V-2023.12-SP3
Date   : Fri Jun 27 16:47:02 2025
****************************************


Scenario           'FUNC_Fast'
Timing Path Group  '**in2reg_default**'
----------------------------------------
Levels of Logic:                      5
Critical Path Length:              0.57
Critical Path Slack:               0.23
Critical Path Clk Period:          1.00
Total Negative Slack:              0.00
No. of Violating Paths:               0
----------------------------------------

Scenario           'FUNC_Fast'
Timing Path Group  '**reg2out_default**'
----------------------------------------
Levels of Logic:                      9
Critical Path Length:              0.29
Critical Path Slack:               0.40
Critical Path Clk Period:          1.00
Total Negative Slack:              0.00
No. of Violating Paths:               0
----------------------------------------

Scenario           'FUNC_Fast'
Timing Path Group  'clk_in'
----------------------------------------
Levels of Logic:                      9
Critical Path Length:              0.57
Critical Path Slack:               0.24
Critical Path Clk Period:          1.00
Total Negative Slack:              0.00
No. of Violating Paths:               0
Worst Hold Violation:              0.00
Total Hold Violation:              0.00
No. of Hold Violations:               0
----------------------------------------

Scenario           'FUNC_Slow'
Timing Path Group  '**in2reg_default**'
----------------------------------------
Levels of Logic:                      5
Critical Path Length:              0.54
Critical Path Slack:               0.25
Critical Path Clk Period:          1.00
Total Negative Slack:              0.00
No. of Violating Paths:               0
----------------------------------------

Scenario           'FUNC_Slow'
Timing Path Group  '**reg2out_default**'
----------------------------------------
Levels of Logic:                      9
Critical Path Length:              0.28
Critical Path Slack:               0.41
Critical Path Clk Period:          1.00
Total Negative Slack:              0.00
No. of Violating Paths:               0
----------------------------------------

Scenario           'FUNC_Slow'
Timing Path Group  'clk_in'
----------------------------------------
Levels of Logic:                      9
Critical Path Length:              0.54
Critical Path Slack:               0.28
Critical Path Clk Period:          1.00
Total Negative Slack:              0.00
No. of Violating Paths:               0
Worst Hold Violation:              0.00
Total Hold Violation:              0.00
No. of Hold Violations:               0
----------------------------------------


Cell Count
----------------------------------------
Hierarchical Cell Count:              0
Hierarchical Port Count:              0
Leaf Cell Count:                   3609
Buf/Inv Cell Count:                 133
Buf Cell Count:                       9
Inv Cell Count:                     124
Combinational Cell Count:          2488
   Single-bit Isolation Cell Count:                        0
   Multi-bit Isolation Cell Count:                         0
   Isolation Cell Banking Ratio:                           0.00%
   Single-bit Level Shifter Cell Count:                    0
   Multi-bit Level Shifter Cell Count:                     0
   Level Shifter Cell Banking Ratio:                       0.00%
   Single-bit ELS Cell Count:                              0
   Multi-bit ELS Cell Count:                               0
   ELS Cell Banking Ratio:                                 0.00%
Sequential Cell Count:             1121
   Integrated Clock-Gating Cell Count:                     0
   Sequential Macro Cell Count:                            0
   Single-bit Sequential Cell Count:                       1121
   Multi-bit Sequential Cell Count:                        0
   Sequential Cell Banking Ratio:                          0.00%
   BitsPerflop:                                            1.00
Macro Count:                          0
----------------------------------------


Area
----------------------------------------
Combinational Area:             1705.54
Noncombinational Area:          2685.06
Buf/Inv Area:                     44.23
Total Buffer Area:                 6.05
Total Inverter Area:              38.18
Macro/Black Box Area:              0.00
Net Area:                             0
Net XLength:                   20823.64
Net YLength:                   19782.17
----------------------------------------
Cell Area (netlist):                           4390.60
Cell Area (netlist and physical only):         4528.19
Net Length:                    40605.81


Design Rules
----------------------------------------
Total Number of Nets:              3666
Nets with Violations:                 0
Max Trans Violations:                 0
Max Cap Violations:                   0
----------------------------------------

1
