****************************************
Report : qor
Design : top
Version: V-2023.12-SP3
Date   : Fri May 23 15:35:41 2025
****************************************


Scenario           'FUNC_Fast'
Timing Path Group  '**in2reg_default**'
----------------------------------------
Levels of Logic:                      4
Critical Path Length:              0.42
Critical Path Slack:               0.37
Critical Path Clk Period:          1.00
Total Negative Slack:              0.00
No. of Violating Paths:               0
----------------------------------------

Scenario           'FUNC_Fast'
Timing Path Group  '**reg2out_default**'
----------------------------------------
Levels of Logic:                     22
Critical Path Length:              0.52
Critical Path Slack:               0.13
Critical Path Clk Period:          1.00
Total Negative Slack:              0.00
No. of Violating Paths:               0
----------------------------------------

Scenario           'FUNC_Fast'
Timing Path Group  'clk_in'
----------------------------------------
Levels of Logic:                     23
Critical Path Length:              0.77
Critical Path Slack:               0.07
Critical Path Clk Period:          1.00
Total Negative Slack:              0.00
No. of Violating Paths:               0
Worst Hold Violation:              0.00
Total Hold Violation:              0.00
No. of Hold Violations:               0
----------------------------------------

Scenario           'FUNC_Slow'
Timing Path Group  '**in2reg_default**'
----------------------------------------
Levels of Logic:                      4
Critical Path Length:              0.42
Critical Path Slack:               0.36
Critical Path Clk Period:          1.00
Total Negative Slack:              0.00
No. of Violating Paths:               0
----------------------------------------

Scenario           'FUNC_Slow'
Timing Path Group  '**reg2out_default**'
----------------------------------------
Levels of Logic:                     22
Critical Path Length:              0.52
Critical Path Slack:               0.13
Critical Path Clk Period:          1.00
Total Negative Slack:              0.00
No. of Violating Paths:               0
----------------------------------------

Scenario           'FUNC_Slow'
Timing Path Group  'clk_in'
----------------------------------------
Levels of Logic:                     23
Critical Path Length:              0.77
Critical Path Slack:               0.07
Critical Path Clk Period:          1.00
Total Negative Slack:              0.00
No. of Violating Paths:               0
Worst Hold Violation:              0.00
Total Hold Violation:              0.00
No. of Hold Violations:               0
----------------------------------------


Cell Count
----------------------------------------
Hierarchical Cell Count:              0
Hierarchical Port Count:              0
Leaf Cell Count:                   3265
Buf/Inv Cell Count:                  85
Buf Cell Count:                       4
Inv Cell Count:                      81
Combinational Cell Count:          2144
   Single-bit Isolation Cell Count:                        0
   Multi-bit Isolation Cell Count:                         0
   Isolation Cell Banking Ratio:                           0.00%
   Single-bit Level Shifter Cell Count:                    0
   Multi-bit Level Shifter Cell Count:                     0
   Level Shifter Cell Banking Ratio:                       0.00%
   Single-bit ELS Cell Count:                              0
   Multi-bit ELS Cell Count:                               0
   ELS Cell Banking Ratio:                                 0.00%
Sequential Cell Count:             1121
   Integrated Clock-Gating Cell Count:                     0
   Sequential Macro Cell Count:                            0
   Single-bit Sequential Cell Count:                       1121
   Multi-bit Sequential Cell Count:                        0
   Sequential Cell Banking Ratio:                          0.00%
   BitsPerflop:                                            1.00
Macro Count:                          0
----------------------------------------


Area
----------------------------------------
Combinational Area:             1611.67
Noncombinational Area:          2685.06
Buf/Inv Area:                     26.59
Total Buffer Area:                 2.90
Total Inverter Area:              23.69
Macro/Black Box Area:              0.00
Net Area:                             0
Net XLength:                   23953.10
Net YLength:                   22204.27
----------------------------------------
Cell Area (netlist):                           4296.73
Cell Area (netlist and physical only):         4296.73
Net Length:                    46157.37


Design Rules
----------------------------------------
Total Number of Nets:              3350
Nets with Violations:                 2
Max Trans Violations:                 0
Max Cap Violations:                   0
----------------------------------------

1
