****************************************
Report : timing
        -path_type full
        -delay_type max
        -max_paths 1
        -report_by design
Design : top
Version: V-2023.12-SP3
Date   : Thu May 22 18:58:23 2025
****************************************

  Startpoint: ctrl_inst/rd_ptr_reg[2] (rising edge-triggered flip-flop clocked by clk_in)
  Endpoint: weight_mem/data_out_reg[4] (rising edge-triggered flip-flop clocked by clk_in)
  Mode: FUNC
  Corner: Fast
  Scenario: FUNC_Fast
  Path Group: clk_in
  Path Type: max

  Point                                            Incr      Path  
  ------------------------------------------------------------------------
  clock clk_in (rise edge)                         0.00      0.00
  clock network delay (propagated)                 0.10      0.10

  ctrl_inst/rd_ptr_reg[2]/CP (SDFQD0BWP30P140HVT)
                                                   0.00      0.10 r
  ctrl_inst/rd_ptr_reg[2]/Q (SDFQD0BWP30P140HVT)   0.09      0.20 f
  ctmi_11839/ZN (ND2D0BWP30P140HVT)                0.11      0.31 r
  ctmi_11947/ZN (NR2D0BWP30P140HVT)                0.12      0.43 f
  ctmi_12130/ZN (AOI222D0BWP30P140HVT)             0.09      0.52 r
  ctmi_12127/ZN (OAI211D0BWP30P140HVT)             0.05      0.57 f
  ctmi_12126/ZN (AOI221D0BWP30P140HVT)             0.07      0.63 r
  ctmi_12125/ZN (ND4D0BWP30P140HVT)                0.13      0.76 f
  ctmi_12103/ZN (NR4D0BWP30P140HVT)                0.08      0.84 r
  ctmi_12089/ZN (ND4D0BWP30P140HVT)                0.10      0.95 f
  weight_mem/data_out_reg[4]/D (SDFQD0BWP30P140HVT)
                                                   0.00      0.95 f
  data arrival time                                          0.95

  clock clk_in (rise edge)                         1.00      1.00
  clock network delay (propagated)                 0.10      1.10
  weight_mem/data_out_reg[4]/CP (SDFQD0BWP30P140HVT)
                                                   0.00      1.10 r
  clock uncertainty                               -0.15      0.95
  library setup time                              -0.03      0.93
  data required time                                         0.93
  ------------------------------------------------------------------------
  data required time                                         0.93
  data arrival time                                         -0.95
  ------------------------------------------------------------------------
  slack (VIOLATED)                                          -0.02


1
