****************************************
Report : report_utilization
Design : top
Version: V-2023.12-SP3
Date   : Mon Apr 28 10:58:35 2025
****************************************
Utilization Ratio:			0.6953
Utilization options:
 - Area calculation based on:		site_row of block top
 - Categories of objects excluded:	hard_macros macro_keepouts soft_macros io_cells hard_blockages 
Total Area:				6275.8080
Total Capacity Area:			6275.8080
Total Area of cells:			4363.3800
Area of excluded objects:
 - hard_macros         :		0.0000
 - macro_keepouts      :		0.0000
 - soft_macros         :		0.0000
 - io_cells            :		0.0000
 - hard_blockages      :		0.0000
Total Area of excluded objects:		0.0000
Ratio of excluded objects:		0.0000

Utilization of site-rows with:
 - Site 'unit':				0.6953

0.6953
