****************************************
Report : cell
Design : top
Version: V-2023.12-SP3
Date   : Thu Apr 24 12:12:43 2025
****************************************

Attributes
    b - black-box (unknown)
    h - hierarchical
    n - noncombinational
    u - contains unmapped logic
    E - extracted timing model
    Q - Quick timing model
    U - Unbound (missing)
    s - user size_only
    S - implicit size_only
    d - user dont_touch
    D - derived dont_touch
    o - synthetic operator


Cell                      Reference       Library          Attributes
--------------------------------------------------------------------------------
A253                      OR2D0BWP30P140HVT
                                          tcbn28hpcplusbwp30p140hvt
TDBUF_348                 BUFFD0P7BWP30P140HVT
                                          tcbn28hpcplusbwp30p140hvt
                                                           s
TDBUF_349                 BUFFD0P7BWP30P140HVT
                                          tcbn28hpcplusbwp30p140hvt
                                                           s
TDBUF_350                 BUFFD0P7BWP30P140HVT
                                          tcbn28hpcplusbwp30p140hvt
                                                           s
TDBUF_351                 DEL025D1BWP30P140HVT
                                          tcbn28hpcplusbwp30p140hvt
                                                           s
TDBUF_352                 DEL025D1BWP30P140HVT
                                          tcbn28hpcplusbwp30p140hvt
                                                           s
TDBUF_353                 DEL025D1BWP30P140HVT
                                          tcbn28hpcplusbwp30p140hvt
                                                           s
TDBUF_354                 DEL025D1BWP30P140HVT
                                          tcbn28hpcplusbwp30p140hvt
                                                           s
TDBUF_355                 DEL025D1BWP30P140HVT
                                          tcbn28hpcplusbwp30p140hvt
                                                           s
TDBUF_356                 DEL025D1BWP30P140HVT
                                          tcbn28hpcplusbwp30p140hvt
                                                           s
TDBUF_357                 DEL025D1BWP30P140HVT
                                          tcbn28hpcplusbwp30p140hvt
                                                           s
TDBUF_358                 DEL025D1BWP30P140HVT
                                          tcbn28hpcplusbwp30p140hvt
                                                           s
TDBUF_359                 DEL025D1BWP30P140HVT
                                          tcbn28hpcplusbwp30p140hvt
                                                           s
TDBUF_360                 DEL025D1BWP30P140HVT
                                          tcbn28hpcplusbwp30p140hvt
                                                           s
TDBUF_361                 DEL025D1BWP30P140HVT
                                          tcbn28hpcplusbwp30p140hvt
                                                           s
TDBUF_362                 BUFFD0P7BWP30P140HVT
                                          tcbn28hpcplusbwp30p140hvt
                                                           s
TDBUF_363                 BUFFD0P7BWP30P140HVT
                                          tcbn28hpcplusbwp30p140hvt
                                                           s
TSMAP_TSBUF_439           BUFTD4BWP30P140 tcbn28hpcplusbwp30p140
TSMAP_TSBUF_440           BUFTD4BWP30P140 tcbn28hpcplusbwp30p140
TSMAP_TSBUF_441           BUFTD4BWP30P140 tcbn28hpcplusbwp30p140
TSMAP_TSBUF_442           BUFTD4BWP30P140 tcbn28hpcplusbwp30p140
TSMAP_TSBUF_443           BUFTD4BWP30P140 tcbn28hpcplusbwp30p140
TSMAP_TSBUF_444           BUFTD4BWP30P140 tcbn28hpcplusbwp30p140
TSMAP_TSBUF_445           BUFTD4BWP30P140 tcbn28hpcplusbwp30p140
TSMAP_TSBUF_446           BUFTD4BWP30P140 tcbn28hpcplusbwp30p140
TSMAP_TSBUF_447           BUFTD4BWP30P140 tcbn28hpcplusbwp30p140
TSMAP_TSBUF_448           BUFTD4BWP30P140 tcbn28hpcplusbwp30p140
TSMAP_TSBUF_449           BUFTD4BWP30P140 tcbn28hpcplusbwp30p140
TSMAP_TSBUF_450           BUFTD4BWP30P140 tcbn28hpcplusbwp30p140
TSMAP_TSBUF_451           BUFTD4BWP30P140 tcbn28hpcplusbwp30p140
TSMAP_TSBUF_452           BUFTD4BWP30P140 tcbn28hpcplusbwp30p140
TSMAP_TSBUF_453           BUFTD4BWP30P140 tcbn28hpcplusbwp30p140
TSMAP_TSBUF_454           BUFTD4BWP30P140 tcbn28hpcplusbwp30p140
activation_inst/cycle_counter_reg
                          SDFQD0BWP30P140HVT
                                          tcbn28hpcplusbwp30p140hvt
                                                           n, S
activation_inst/gte_34/ctmi_1506
                          MAOI222D0BWP30P140HVT
                                          tcbn28hpcplusbwp30p140hvt
activation_inst/gte_34/ctmi_1508
                          MAOI222D0BWP30P140HVT
                                          tcbn28hpcplusbwp30p140hvt
activation_inst/gte_34/ctmi_1510
                          MAOI222D1BWP30P140HVT
                                          tcbn28hpcplusbwp30p140hvt
activation_inst/gte_34/ctmi_1512
                          MAOI222D1BWP30P140HVT
                                          tcbn28hpcplusbwp30p140hvt
activation_inst/gte_34/ctmi_1514
                          MAOI222D1BWP30P140HVT
                                          tcbn28hpcplusbwp30p140hvt
activation_inst/gte_34/ctmi_1516
                          MAOI222D1BWP30P140HVT
                                          tcbn28hpcplusbwp30p140hvt
activation_inst/gte_34/ctmi_1518
                          MAOI222D1BWP30P140HVT
                                          tcbn28hpcplusbwp30p140hvt
activation_inst/gte_34/ctmi_1520
                          MAOI222D1BWP30P140HVT
                                          tcbn28hpcplusbwp30p140hvt
activation_inst/gte_34/ctmi_1522
                          MAOI222D1BWP30P140HVT
                                          tcbn28hpcplusbwp30p140hvt
activation_inst/gte_34/ctmi_1524
                          MAOI222D1BWP30P140HVT
                                          tcbn28hpcplusbwp30p140hvt
activation_inst/gte_34/ctmi_1526
                          MAOI222D1BWP30P140HVT
                                          tcbn28hpcplusbwp30p140hvt
activation_inst/gte_34/ctmi_1528
                          MAOI222D1BWP30P140HVT
                                          tcbn28hpcplusbwp30p140hvt
activation_inst/gte_34/ctmi_1530
                          MAOI222D1BWP30P140HVT
                                          tcbn28hpcplusbwp30p140hvt
activation_inst/gte_34/ctmi_1532
                          MAOI222D1BWP30P140HVT
                                          tcbn28hpcplusbwp30p140hvt
activation_inst/gte_34/ctmi_1534
                          MAOI222D1BWP30P140HVT
                                          tcbn28hpcplusbwp30p140hvt
activation_inst/gte_34/ctmi_1536
                          MAOI222D1BWP30P140HVT
                                          tcbn28hpcplusbwp30p140hvt
activation_inst/gte_34/ctmi_1538
                          MAOI222D1BWP30P140HVT
                                          tcbn28hpcplusbwp30p140hvt
activation_inst/gte_34/ctmi_1540
                          MAOI222D1BWP30P140HVT
                                          tcbn28hpcplusbwp30p140hvt
activation_inst/gte_34/ctmi_1542
                          MAOI222D1BWP30P140HVT
                                          tcbn28hpcplusbwp30p140hvt
activation_inst/gte_34/ctmi_1544
                          MAOI222D1BWP30P140HVT
                                          tcbn28hpcplusbwp30p140hvt
activation_inst/gte_34/ctmi_1546
                          AOI22D1BWP30P140HVT
                                          tcbn28hpcplusbwp30p140hvt
activation_inst/gte_34/ctmi_1548
                          IAO21D1BWP30P140HVT
                                          tcbn28hpcplusbwp30p140hvt
activation_inst/threshold_register_reg[0]
                          SDFQD0BWP30P140HVT
                                          tcbn28hpcplusbwp30p140hvt
                                                           n, S
activation_inst/threshold_register_reg[10]
                          SDFQD0BWP30P140HVT
                                          tcbn28hpcplusbwp30p140hvt
                                                           n, S
activation_inst/threshold_register_reg[11]
                          SDFQD0BWP30P140HVT
                                          tcbn28hpcplusbwp30p140hvt
                                                           n, S
activation_inst/threshold_register_reg[12]
                          SDFQD0BWP30P140HVT
                                          tcbn28hpcplusbwp30p140hvt
                                                           n, S
activation_inst/threshold_register_reg[13]
                          SDFQD0BWP30P140HVT
                                          tcbn28hpcplusbwp30p140hvt
                                                           n, S
activation_inst/threshold_register_reg[14]
                          SDFQD0BWP30P140HVT
                                          tcbn28hpcplusbwp30p140hvt
                                                           n, S
activation_inst/threshold_register_reg[15]
                          SDFQD0BWP30P140HVT
                                          tcbn28hpcplusbwp30p140hvt
                                                           n, S
activation_inst/threshold_register_reg[16]
                          SDFQD0BWP30P140HVT
                                          tcbn28hpcplusbwp30p140hvt
                                                           n, S
activation_inst/threshold_register_reg[17]
                          SDFQD0BWP30P140HVT
                                          tcbn28hpcplusbwp30p140hvt
                                                           n, S
activation_inst/threshold_register_reg[18]
                          SDFQD0BWP30P140HVT
                                          tcbn28hpcplusbwp30p140hvt
                                                           n, S
activation_inst/threshold_register_reg[19]
                          SDFQD0BWP30P140HVT
                                          tcbn28hpcplusbwp30p140hvt
                                                           n, S
activation_inst/threshold_register_reg[1]
                          SDFQD0BWP30P140HVT
                                          tcbn28hpcplusbwp30p140hvt
                                                           n, S
activation_inst/threshold_register_reg[20]
                          SDFQD0BWP30P140HVT
                                          tcbn28hpcplusbwp30p140hvt
                                                           n, S
activation_inst/threshold_register_reg[21]
                          SDFQD0BWP30P140HVT
                                          tcbn28hpcplusbwp30p140hvt
                                                           n, S
activation_inst/threshold_register_reg[2]
                          SDFQD0BWP30P140HVT
                                          tcbn28hpcplusbwp30p140hvt
                                                           n, S
activation_inst/threshold_register_reg[3]
                          SDFQD0BWP30P140HVT
                                          tcbn28hpcplusbwp30p140hvt
                                                           n, S
activation_inst/threshold_register_reg[4]
                          SDFQD0BWP30P140HVT
                                          tcbn28hpcplusbwp30p140hvt
                                                           n, S
activation_inst/threshold_register_reg[5]
                          SDFQD0BWP30P140HVT
                                          tcbn28hpcplusbwp30p140hvt
                                                           n, S
activation_inst/threshold_register_reg[6]
                          SDFQD0BWP30P140HVT
                                          tcbn28hpcplusbwp30p140hvt
                                                           n, S
activation_inst/threshold_register_reg[7]
                          SDFQD0BWP30P140HVT
                                          tcbn28hpcplusbwp30p140hvt
                                                           n, S
activation_inst/threshold_register_reg[8]
                          SDFQD0BWP30P140HVT
                                          tcbn28hpcplusbwp30p140hvt
                                                           n, S
activation_inst/threshold_register_reg[9]
                          SDFQD0BWP30P140HVT
                                          tcbn28hpcplusbwp30p140hvt
                                                           n, S
ctmTdsLR_1_364            ND3D0BWP30P140HVT
                                          tcbn28hpcplusbwp30p140hvt
ctmTdsLR_1_366            OAI211D0BWP30P140HVT
                                          tcbn28hpcplusbwp30p140hvt
ctmTdsLR_1_368            OAI211D0BWP30P140HVT
                                          tcbn28hpcplusbwp30p140hvt
ctmTdsLR_1_370            OAI211D0BWP30P140HVT
                                          tcbn28hpcplusbwp30p140hvt
ctmTdsLR_1_372            AO22D0BWP30P140HVT
                                          tcbn28hpcplusbwp30p140hvt
ctmTdsLR_1_373            AO22D0BWP30P140HVT
                                          tcbn28hpcplusbwp30p140hvt
ctmTdsLR_1_374            INR2D0BWP30P140HVT
                                          tcbn28hpcplusbwp30p140hvt
ctmTdsLR_1_375            IND2D0BWP30P140HVT
                                          tcbn28hpcplusbwp30p140hvt
ctmTdsLR_1_377            IND2D0BWP30P140HVT
                                          tcbn28hpcplusbwp30p140hvt
ctmTdsLR_1_379            IND2D0BWP30P140HVT
                                          tcbn28hpcplusbwp30p140hvt
ctmTdsLR_1_381            IND2D0BWP30P140HVT
                                          tcbn28hpcplusbwp30p140hvt
ctmTdsLR_1_383            NR2D0BWP30P140HVT
                                          tcbn28hpcplusbwp30p140hvt
ctmTdsLR_1_384            ND3D0BWP30P140HVT
                                          tcbn28hpcplusbwp30p140hvt
ctmTdsLR_2_365            IOA21D0BWP30P140HVT
                                          tcbn28hpcplusbwp30p140hvt
ctmTdsLR_2_367            IOA21D0BWP30P140HVT
                                          tcbn28hpcplusbwp30p140hvt
ctmTdsLR_2_369            IOA21D0BWP30P140HVT
                                          tcbn28hpcplusbwp30p140hvt
ctmTdsLR_2_371            IOA21D0BWP30P140HVT
                                          tcbn28hpcplusbwp30p140hvt
ctmTdsLR_2_376            XOR2UD0BWP30P140HVT
                                          tcbn28hpcplusbwp30p140hvt
ctmTdsLR_2_378            XOR2UD0BWP30P140HVT
                                          tcbn28hpcplusbwp30p140hvt
ctmTdsLR_2_380            XOR2UD0BWP30P140HVT
                                          tcbn28hpcplusbwp30p140hvt
ctmTdsLR_2_382            XOR2UD0BWP30P140HVT
                                          tcbn28hpcplusbwp30p140hvt
ctmi_1339                 AN3D0BWP30P140HVT
                                          tcbn28hpcplusbwp30p140hvt
ctmi_1340                 AOI221D0BWP30P140HVT
                                          tcbn28hpcplusbwp30p140hvt
ctmi_1341                 ND2D0BWP30P140HVT
                                          tcbn28hpcplusbwp30p140hvt
ctmi_1348                 NR2D0BWP30P140HVT
                                          tcbn28hpcplusbwp30p140hvt
ctmi_1349                 NR2D0BWP30P140HVT
                                          tcbn28hpcplusbwp30p140hvt
ctmi_1350                 ND2D0BWP30P140HVT
                                          tcbn28hpcplusbwp30p140hvt
ctmi_1351                 OAI31D0BWP30P140HVT
                                          tcbn28hpcplusbwp30p140hvt
ctmi_1352                 ND2D0BWP30P140HVT
                                          tcbn28hpcplusbwp30p140hvt
ctmi_1353                 NR3D0BWP30P140HVT
                                          tcbn28hpcplusbwp30p140hvt
ctmi_1354                 ND2D0BWP30P140HVT
                                          tcbn28hpcplusbwp30p140hvt
ctmi_1355                 NR2D0BWP30P140HVT
                                          tcbn28hpcplusbwp30p140hvt
ctmi_1356                 ND2D0BWP30P140HVT
                                          tcbn28hpcplusbwp30p140hvt
ctmi_1357                 AN2D0BWP30P140HVT
                                          tcbn28hpcplusbwp30p140hvt
ctmi_1358                 AN2D0BWP30P140HVT
                                          tcbn28hpcplusbwp30p140hvt
ctmi_1359                 AN2D0BWP30P140HVT
                                          tcbn28hpcplusbwp30p140hvt
ctmi_1360                 AN2D0BWP30P140HVT
                                          tcbn28hpcplusbwp30p140hvt
ctmi_1361                 AN2D0BWP30P140HVT
                                          tcbn28hpcplusbwp30p140hvt
ctmi_1362                 AN2D0BWP30P140HVT
                                          tcbn28hpcplusbwp30p140hvt
ctmi_1363                 AN2D0BWP30P140HVT
                                          tcbn28hpcplusbwp30p140hvt
ctmi_1364                 AN2D0BWP30P140HVT
                                          tcbn28hpcplusbwp30p140hvt
ctmi_1365                 AN2D0BWP30P140HVT
                                          tcbn28hpcplusbwp30p140hvt
ctmi_1366                 AN2D0BWP30P140HVT
                                          tcbn28hpcplusbwp30p140hvt
ctmi_1367                 AN2D0BWP30P140HVT
                                          tcbn28hpcplusbwp30p140hvt
ctmi_1368                 AO22D0BWP30P140HVT
                                          tcbn28hpcplusbwp30p140hvt
ctmi_1369                 AN2D0BWP30P140HVT
                                          tcbn28hpcplusbwp30p140hvt
ctmi_1370                 AO22D0BWP30P140HVT
                                          tcbn28hpcplusbwp30p140hvt
ctmi_1371                 AO22D0BWP30P140HVT
                                          tcbn28hpcplusbwp30p140hvt
ctmi_1372                 AO22D0BWP30P140HVT
                                          tcbn28hpcplusbwp30p140hvt
ctmi_1374                 AO22D0BWP30P140HVT
                                          tcbn28hpcplusbwp30p140hvt
ctmi_1375                 AO22D0BWP30P140HVT
                                          tcbn28hpcplusbwp30p140hvt
ctmi_1381                 AO22D0BWP30P140HVT
                                          tcbn28hpcplusbwp30p140hvt
ctmi_1382                 AO22D0BWP30P140HVT
                                          tcbn28hpcplusbwp30p140hvt
ctmi_1383                 AO22D0BWP30P140HVT
                                          tcbn28hpcplusbwp30p140hvt
ctmi_1384                 AO22D0BWP30P140HVT
                                          tcbn28hpcplusbwp30p140hvt
ctmi_1385                 AO22D0BWP30P140HVT
                                          tcbn28hpcplusbwp30p140hvt
ctmi_1386                 AO22D0BWP30P140HVT
                                          tcbn28hpcplusbwp30p140hvt
ctmi_1387                 AO22D0BWP30P140HVT
                                          tcbn28hpcplusbwp30p140hvt
ctmi_1388                 AO22D0BWP30P140HVT
                                          tcbn28hpcplusbwp30p140hvt
ctmi_1389                 AO22D0BWP30P140HVT
                                          tcbn28hpcplusbwp30p140hvt
ctmi_1390                 AO22D0BWP30P140HVT
                                          tcbn28hpcplusbwp30p140hvt
ctmi_1391                 AO22D0BWP30P140HVT
                                          tcbn28hpcplusbwp30p140hvt
ctmi_1392                 AO22D0BWP30P140HVT
                                          tcbn28hpcplusbwp30p140hvt
ctmi_1393                 AO22D0BWP30P140HVT
                                          tcbn28hpcplusbwp30p140hvt
ctmi_1395                 AO22D0BWP30P140HVT
                                          tcbn28hpcplusbwp30p140hvt
ctmi_1397                 AO22D0BWP30P140HVT
                                          tcbn28hpcplusbwp30p140hvt
ctmi_1399                 AO22D0BWP30P140HVT
                                          tcbn28hpcplusbwp30p140hvt
ctmi_1401                 AO22D0BWP30P140HVT
                                          tcbn28hpcplusbwp30p140hvt
ctmi_1402                 AO22D0BWP30P140HVT
                                          tcbn28hpcplusbwp30p140hvt
ctmi_1403                 AO22D0BWP30P140HVT
                                          tcbn28hpcplusbwp30p140hvt
ctmi_1404                 AO22D0BWP30P140HVT
                                          tcbn28hpcplusbwp30p140hvt
ctmi_1405                 AO22D0BWP30P140HVT
                                          tcbn28hpcplusbwp30p140hvt
ctmi_1406                 AO22D0BWP30P140HVT
                                          tcbn28hpcplusbwp30p140hvt
ctmi_1407                 AO22D0BWP30P140HVT
                                          tcbn28hpcplusbwp30p140hvt
ctmi_1408                 AO22D0BWP30P140HVT
                                          tcbn28hpcplusbwp30p140hvt
ctmi_1409                 AO22D0BWP30P140HVT
                                          tcbn28hpcplusbwp30p140hvt
ctmi_1410                 AO22D0BWP30P140HVT
                                          tcbn28hpcplusbwp30p140hvt
ctmi_1411                 AO22D0BWP30P140HVT
                                          tcbn28hpcplusbwp30p140hvt
ctmi_1412                 AO22D0BWP30P140HVT
                                          tcbn28hpcplusbwp30p140hvt
ctmi_1413                 AO22D0BWP30P140HVT
                                          tcbn28hpcplusbwp30p140hvt
ctmi_1414                 AO22D0BWP30P140HVT
                                          tcbn28hpcplusbwp30p140hvt
ctmi_1415                 AO22D0BWP30P140HVT
                                          tcbn28hpcplusbwp30p140hvt
ctmi_1416                 AO22D0BWP30P140HVT
                                          tcbn28hpcplusbwp30p140hvt
ctmi_1417                 AO21D0BWP30P140HVT
                                          tcbn28hpcplusbwp30p140hvt
ctmi_1418                 ND3D0BWP30P140HVT
                                          tcbn28hpcplusbwp30p140hvt
ctmi_1419                 AN4D1BWP30P140HVT
                                          tcbn28hpcplusbwp30p140hvt
ctmi_1421                 OAI211D0BWP30P140HVT
                                          tcbn28hpcplusbwp30p140hvt
ctmi_1424                 ND2D0BWP30P140HVT
                                          tcbn28hpcplusbwp30p140hvt
ctmi_1425                 ND3D0BWP30P140HVT
                                          tcbn28hpcplusbwp30p140hvt
ctmi_1426                 NR2D0BWP30P140HVT
                                          tcbn28hpcplusbwp30p140hvt
ctmi_1428                 IND3D0BWP30P140HVT
                                          tcbn28hpcplusbwp30p140hvt
ctmi_1429                 ND2D0BWP30P140HVT
                                          tcbn28hpcplusbwp30p140hvt
ctmi_1430                 NR4D0BWP30P140HVT
                                          tcbn28hpcplusbwp30p140hvt
ctmi_1431                 ND2D0BWP30P140HVT
                                          tcbn28hpcplusbwp30p140hvt
ctmi_1432                 ND3D0BWP30P140HVT
                                          tcbn28hpcplusbwp30p140hvt
ctmi_1433                 AOI221D0BWP30P140HVT
                                          tcbn28hpcplusbwp30p140hvt
ctmi_1434                 AOI221D0BWP30P140HVT
                                          tcbn28hpcplusbwp30p140hvt
ctmi_1436                 NR2D0BWP30P140HVT
                                          tcbn28hpcplusbwp30p140hvt
ctmi_1437                 IAO21D0BWP30P140HVT
                                          tcbn28hpcplusbwp30p140hvt
ctmi_1438                 ND2D0BWP30P140HVT
                                          tcbn28hpcplusbwp30p140hvt
ctmi_1439                 ND2D0BWP30P140HVT
                                          tcbn28hpcplusbwp30p140hvt
ctmi_1441                 OA211D0BWP30P140HVT
                                          tcbn28hpcplusbwp30p140hvt
ctmi_1442                 INR2D0BWP30P140HVT
                                          tcbn28hpcplusbwp30p140hvt
ctmi_1443                 NR2D0BWP30P140HVT
                                          tcbn28hpcplusbwp30p140hvt
ctmi_1444                 XNR2UD0BWP30P140HVT
                                          tcbn28hpcplusbwp30p140hvt
ctmi_1445                 NR2D0BWP30P140HVT
                                          tcbn28hpcplusbwp30p140hvt
ctmi_1447                 ND2D0BWP30P140HVT
                                          tcbn28hpcplusbwp30p140hvt
ctmi_1448                 AOI221D0BWP30P140HVT
                                          tcbn28hpcplusbwp30p140hvt
ctmi_1449                 NR3D0BWP30P140HVT
                                          tcbn28hpcplusbwp30p140hvt
ctmi_1450                 OR4D0BWP30P140HVT
                                          tcbn28hpcplusbwp30p140hvt
ctmi_1451                 AOI211D0BWP30P140HVT
                                          tcbn28hpcplusbwp30p140hvt
ctmi_1452                 OA211D0BWP30P140HVT
                                          tcbn28hpcplusbwp30p140hvt
ctmi_1453                 NR2D0BWP30P140HVT
                                          tcbn28hpcplusbwp30p140hvt
ctmi_1457                 AOI211D0BWP30P140HVT
                                          tcbn28hpcplusbwp30p140hvt
ctmi_1458                 OA211D0BWP30P140HVT
                                          tcbn28hpcplusbwp30p140hvt
ctmi_1459                 ND2D0BWP30P140HVT
                                          tcbn28hpcplusbwp30p140hvt
ctmi_1461                 OA211D0BWP30P140HVT
                                          tcbn28hpcplusbwp30p140hvt
ctmi_1462                 OA211D0BWP30P140HVT
                                          tcbn28hpcplusbwp30p140hvt
ctmi_1463                 XOR2UD0BWP30P140HVT
                                          tcbn28hpcplusbwp30p140hvt
ctmi_1464                 ND2D0BWP30P140HVT
                                          tcbn28hpcplusbwp30p140hvt
ctmi_1465                 CKMUX2D0BWP30P140HVT
                                          tcbn28hpcplusbwp30p140hvt
ctmi_1466                 ND2D0BWP30P140HVT
                                          tcbn28hpcplusbwp30p140hvt
ctmi_1467                 MUX2D0BWP30P140HVT
                                          tcbn28hpcplusbwp30p140hvt
ctmi_1468                 CKMUX2D0BWP30P140HVT
                                          tcbn28hpcplusbwp30p140hvt
ctmi_1469                 MUX2D0BWP30P140HVT
                                          tcbn28hpcplusbwp30p140hvt
ctmi_1470                 MUX2D0BWP30P140HVT
                                          tcbn28hpcplusbwp30p140hvt
ctmi_1471                 MUX2D0BWP30P140HVT
                                          tcbn28hpcplusbwp30p140hvt
ctmi_1472                 MUX2D0BWP30P140HVT
                                          tcbn28hpcplusbwp30p140hvt
ctmi_1473                 CKMUX2D0BWP30P140HVT
                                          tcbn28hpcplusbwp30p140hvt
ctmi_1474                 CKMUX2D0BWP30P140HVT
                                          tcbn28hpcplusbwp30p140hvt
ctmi_1475                 CKMUX2D0BWP30P140HVT
                                          tcbn28hpcplusbwp30p140hvt
ctmi_1476                 MUX2D0BWP30P140HVT
                                          tcbn28hpcplusbwp30p140hvt
ctmi_1477                 MUX2D0BWP30P140HVT
                                          tcbn28hpcplusbwp30p140hvt
ctmi_1478                 MUX2D0BWP30P140HVT
                                          tcbn28hpcplusbwp30p140hvt
ctmi_1479                 CKMUX2D0BWP30P140HVT
                                          tcbn28hpcplusbwp30p140hvt
ctmi_1480                 MUX2D0BWP30P140HVT
                                          tcbn28hpcplusbwp30p140hvt
ctmi_1481                 CKMUX2D0BWP30P140HVT
                                          tcbn28hpcplusbwp30p140hvt
ctmi_1482                 CKMUX2D0BWP30P140HVT
                                          tcbn28hpcplusbwp30p140hvt
ctmi_1483                 MUX2D0BWP30P140HVT
                                          tcbn28hpcplusbwp30p140hvt
ctmi_1484                 MUX2D0BWP30P140HVT
                                          tcbn28hpcplusbwp30p140hvt
ctmi_1485                 MUX2D0BWP30P140HVT
                                          tcbn28hpcplusbwp30p140hvt
ctmi_1486                 MUX2D0BWP30P140HVT
                                          tcbn28hpcplusbwp30p140hvt
ctmi_1487                 MUX2D0BWP30P140HVT
                                          tcbn28hpcplusbwp30p140hvt
ctmi_1488                 MUX2D0BWP30P140HVT
                                          tcbn28hpcplusbwp30p140hvt
ctmi_1489                 ND2D0BWP30P140HVT
                                          tcbn28hpcplusbwp30p140hvt
ctmi_1490                 MUX2D0BWP30P140HVT
                                          tcbn28hpcplusbwp30p140hvt
ctmi_1491                 MUX2D0BWP30P140HVT
                                          tcbn28hpcplusbwp30p140hvt
ctmi_1492                 CKMUX2D0BWP30P140HVT
                                          tcbn28hpcplusbwp30p140hvt
ctmi_1493                 CKMUX2D0BWP30P140HVT
                                          tcbn28hpcplusbwp30p140hvt
ctmi_1494                 MUX2D0BWP30P140HVT
                                          tcbn28hpcplusbwp30p140hvt
ctmi_1495                 CKMUX2D0BWP30P140HVT
                                          tcbn28hpcplusbwp30p140hvt
ctmi_1496                 MUX2D0BWP30P140HVT
                                          tcbn28hpcplusbwp30p140hvt
ctmi_1497                 MUX2D0BWP30P140HVT
                                          tcbn28hpcplusbwp30p140hvt
ctmi_1498                 MUX2D0BWP30P140HVT
                                          tcbn28hpcplusbwp30p140hvt
ctmi_1499                 MUX2D0BWP30P140HVT
                                          tcbn28hpcplusbwp30p140hvt
ctmi_1500                 MUX2D0BWP30P140HVT
                                          tcbn28hpcplusbwp30p140hvt
ctmi_1501                 MUX2D0BWP30P140HVT
                                          tcbn28hpcplusbwp30p140hvt
ctmi_1502                 MUX2D0BWP30P140HVT
                                          tcbn28hpcplusbwp30p140hvt
ctmi_1503                 MUX2D0BWP30P140HVT
                                          tcbn28hpcplusbwp30p140hvt
ctmi_1504                 MUX2D0BWP30P140HVT
                                          tcbn28hpcplusbwp30p140hvt
ctmi_1505                 MUX2ND0BWP30P140HVT
                                          tcbn28hpcplusbwp30p140hvt
ctmi_256                  AN2D0BWP30P140HVT
                                          tcbn28hpcplusbwp30p140hvt
ctmi_260                  MUX2ND0BWP30P140HVT
                                          tcbn28hpcplusbwp30p140hvt
ctmi_261                  NR2D0BWP30P140HVT
                                          tcbn28hpcplusbwp30p140hvt
ctmi_262                  NR2D0BWP30P140HVT
                                          tcbn28hpcplusbwp30p140hvt
ctmi_263                  MUX2ND0BWP30P140HVT
                                          tcbn28hpcplusbwp30p140hvt
ctmi_264                  MUX2ND0BWP30P140HVT
                                          tcbn28hpcplusbwp30p140hvt
ctmi_265                  OR3D0BWP30P140HVT
                                          tcbn28hpcplusbwp30p140hvt
ctmi_308                  AOI211D0BWP30P140HVT
                                          tcbn28hpcplusbwp30p140hvt
ctmi_310                  IND2D0BWP30P140HVT
                                          tcbn28hpcplusbwp30p140hvt
ctmi_311                  AN3D1BWP30P140HVT
                                          tcbn28hpcplusbwp30p140hvt
ctmi_42                   CKND0BWP30P140HVT
                                          tcbn28hpcplusbwp30p140hvt
ctmi_43                   CKND0BWP30P140HVT
                                          tcbn28hpcplusbwp30p140hvt
ctmi_44                   CKND0BWP30P140HVT
                                          tcbn28hpcplusbwp30p140hvt
ctmi_51                   CKND0BWP30P140HVT
                                          tcbn28hpcplusbwp30p140hvt
ctmi_53                   CKND0BWP30P140HVT
                                          tcbn28hpcplusbwp30p140hvt
ctmi_55                   CKND0BWP30P140HVT
                                          tcbn28hpcplusbwp30p140hvt
ctmi_57                   CKND0BWP30P140HVT
                                          tcbn28hpcplusbwp30p140hvt
ctmi_59                   CKND0BWP30P140HVT
                                          tcbn28hpcplusbwp30p140hvt
ctmi_61                   CKND0BWP30P140HVT
                                          tcbn28hpcplusbwp30p140hvt
ctmi_63                   CKND0BWP30P140HVT
                                          tcbn28hpcplusbwp30p140hvt
ctmi_65                   CKND0BWP30P140HVT
                                          tcbn28hpcplusbwp30p140hvt
ctmi_67                   CKND0BWP30P140HVT
                                          tcbn28hpcplusbwp30p140hvt
ctmi_68                   CKND0BWP30P140HVT
                                          tcbn28hpcplusbwp30p140hvt
ctmi_69                   INVD1BWP30P140HVT
                                          tcbn28hpcplusbwp30p140hvt
ctrl_inst/chip_sel_d1_reg SDFQD0BWP30P140HVT
                                          tcbn28hpcplusbwp30p140hvt
                                                           n, S
ctrl_inst/chip_sel_d2_reg DFQD1BWP30P140HVT
                                          tcbn28hpcplusbwp30p140hvt
                                                           n, S
ctrl_inst/mul_mem_en_reg  SDFQD0BWP30P140HVT
                                          tcbn28hpcplusbwp30p140hvt
                                                           n, S
ctrl_inst/out_delay_cnt_reg[0]
                          SDFQD0BWP30P140HVT
                                          tcbn28hpcplusbwp30p140hvt
                                                           n, S
ctrl_inst/out_delay_cnt_reg[1]
                          SDFQD0BWP30P140HVT
                                          tcbn28hpcplusbwp30p140hvt
                                                           n, S
ctrl_inst/output_ready_reg
                          SDFQD0BWP30P140HVT
                                          tcbn28hpcplusbwp30p140hvt
                                                           n, S
ctrl_inst/rd_ptr_reg[0]   SDFQD0BWP30P140HVT
                                          tcbn28hpcplusbwp30p140hvt
                                                           n, S
ctrl_inst/rd_ptr_reg[1]   SDFQD0BWP30P140HVT
                                          tcbn28hpcplusbwp30p140hvt
                                                           n, S
ctrl_inst/rd_ptr_reg[2]   SDFQD0BWP30P140HVT
                                          tcbn28hpcplusbwp30p140hvt
                                                           n, S
ctrl_inst/rd_ptr_reg[3]   SDFQD0BWP30P140HVT
                                          tcbn28hpcplusbwp30p140hvt
                                                           n, S
ctrl_inst/rd_ptr_reg[4]   SDFQD0BWP30P140HVT
                                          tcbn28hpcplusbwp30p140hvt
                                                           n, S
ctrl_inst/rd_ptr_reg[5]   SDFQD0BWP30P140HVT
                                          tcbn28hpcplusbwp30p140hvt
                                                           n, S
ctrl_inst/rst_mem_reg     SDFKSND0BWP30P140HVT
                                          tcbn28hpcplusbwp30p140hvt
                                                           n, S
ctrl_inst/state_reg[0]    SDFQD0BWP30P140HVT
                                          tcbn28hpcplusbwp30p140hvt
                                                           n, S
ctrl_inst/state_reg[1]    SDFQD0BWP30P140HVT
                                          tcbn28hpcplusbwp30p140hvt
                                                           n, S
ctrl_inst/state_reg[2]    SDFQD0BWP30P140HVT
                                          tcbn28hpcplusbwp30p140hvt
                                                           n, S
ctrl_inst/threshold_ready_reg
                          SEDFQARD0BWP30P140HVT
                                          tcbn28hpcplusbwp30p140hvt
                                                           n, S
ctrl_inst/wr_ptr_reg[0]   SDFQD0BWP30P140HVT
                                          tcbn28hpcplusbwp30p140hvt
                                                           n, S
ctrl_inst/wr_ptr_reg[1]   SDFQD0BWP30P140HVT
                                          tcbn28hpcplusbwp30p140hvt
                                                           n, S
ctrl_inst/wr_ptr_reg[2]   SDFQD0BWP30P140HVT
                                          tcbn28hpcplusbwp30p140hvt
                                                           n, S
ctrl_inst/wr_ptr_reg[3]   SDFQD0BWP30P140HVT
                                          tcbn28hpcplusbwp30p140hvt
                                                           n, S
ctrl_inst/wr_ptr_reg[4]   SDFQD0BWP30P140HVT
                                          tcbn28hpcplusbwp30p140hvt
                                                           n, S
ctrl_inst/wr_ptr_reg[5]   SDFQD0BWP30P140HVT
                                          tcbn28hpcplusbwp30p140hvt
                                                           n, S
image_mem                 TS6N28HPCPHVTA64X8M4FWBSO
                                          ts6n28hpcphvta64x8m4fwbso_200b_new
                                                           n, S, D
io_inst/read_phase_reg    SDFQD0BWP30P140HVT
                                          tcbn28hpcplusbwp30p140hvt
                                                           n, S
io_inst/threshold_data_reg[0]
                          SDFQD0BWP30P140HVT
                                          tcbn28hpcplusbwp30p140hvt
                                                           n, S
io_inst/threshold_data_reg[10]
                          SDFQD0BWP30P140HVT
                                          tcbn28hpcplusbwp30p140hvt
                                                           n, S
io_inst/threshold_data_reg[11]
                          SDFQD0BWP30P140HVT
                                          tcbn28hpcplusbwp30p140hvt
                                                           n, S
io_inst/threshold_data_reg[12]
                          SDFQD0BWP30P140HVT
                                          tcbn28hpcplusbwp30p140hvt
                                                           n, S
io_inst/threshold_data_reg[13]
                          SDFQD0BWP30P140HVT
                                          tcbn28hpcplusbwp30p140hvt
                                                           n, S
io_inst/threshold_data_reg[14]
                          SDFQD0BWP30P140HVT
                                          tcbn28hpcplusbwp30p140hvt
                                                           n, S
io_inst/threshold_data_reg[15]
                          SDFQD0BWP30P140HVT
                                          tcbn28hpcplusbwp30p140hvt
                                                           n, S
io_inst/threshold_data_reg[1]
                          SDFQD0BWP30P140HVT
                                          tcbn28hpcplusbwp30p140hvt
                                                           n, S
io_inst/threshold_data_reg[2]
                          SDFQD0BWP30P140HVT
                                          tcbn28hpcplusbwp30p140hvt
                                                           n, S
io_inst/threshold_data_reg[3]
                          SDFQD0BWP30P140HVT
                                          tcbn28hpcplusbwp30p140hvt
                                                           n, S
io_inst/threshold_data_reg[4]
                          SDFQD0BWP30P140HVT
                                          tcbn28hpcplusbwp30p140hvt
                                                           n, S
io_inst/threshold_data_reg[5]
                          SDFQD0BWP30P140HVT
                                          tcbn28hpcplusbwp30p140hvt
                                                           n, S
io_inst/threshold_data_reg[6]
                          SDFQD0BWP30P140HVT
                                          tcbn28hpcplusbwp30p140hvt
                                                           n, S
io_inst/threshold_data_reg[7]
                          SDFQD0BWP30P140HVT
                                          tcbn28hpcplusbwp30p140hvt
                                                           n, S
io_inst/threshold_data_reg[8]
                          SDFQD0BWP30P140HVT
                                          tcbn28hpcplusbwp30p140hvt
                                                           n, S
io_inst/threshold_data_reg[9]
                          SDFQD0BWP30P140HVT
                                          tcbn28hpcplusbwp30p140hvt
                                                           n, S
mac_inst/acc_register_reg[0]
                          SDFQD1BWP30P140HVT
                                          tcbn28hpcplusbwp30p140hvt
                                                           n, S
mac_inst/acc_register_reg[10]
                          SDFQD0BWP30P140HVT
                                          tcbn28hpcplusbwp30p140hvt
                                                           n, S
mac_inst/acc_register_reg[11]
                          SDFQD0BWP30P140HVT
                                          tcbn28hpcplusbwp30p140hvt
                                                           n, S
mac_inst/acc_register_reg[12]
                          SDFQD0BWP30P140HVT
                                          tcbn28hpcplusbwp30p140hvt
                                                           n, S
mac_inst/acc_register_reg[13]
                          SDFQD0BWP30P140HVT
                                          tcbn28hpcplusbwp30p140hvt
                                                           n, S
mac_inst/acc_register_reg[14]
                          SDFQD0BWP30P140HVT
                                          tcbn28hpcplusbwp30p140hvt
                                                           n, S
mac_inst/acc_register_reg[15]
                          SDFQD0BWP30P140HVT
                                          tcbn28hpcplusbwp30p140hvt
                                                           n, S
mac_inst/acc_register_reg[16]
                          SDFQD0BWP30P140HVT
                                          tcbn28hpcplusbwp30p140hvt
                                                           n, S
mac_inst/acc_register_reg[17]
                          SDFQD0BWP30P140HVT
                                          tcbn28hpcplusbwp30p140hvt
                                                           n, S
mac_inst/acc_register_reg[18]
                          SDFQD0BWP30P140HVT
                                          tcbn28hpcplusbwp30p140hvt
                                                           n, S
mac_inst/acc_register_reg[19]
                          SDFQD0BWP30P140HVT
                                          tcbn28hpcplusbwp30p140hvt
                                                           n, S
mac_inst/acc_register_reg[1]
                          SDFQD1BWP30P140HVT
                                          tcbn28hpcplusbwp30p140hvt
                                                           n, S
mac_inst/acc_register_reg[20]
                          SDFQD0BWP30P140HVT
                                          tcbn28hpcplusbwp30p140hvt
                                                           n, S
mac_inst/acc_register_reg[21]
                          SDFQD0BWP30P140HVT
                                          tcbn28hpcplusbwp30p140hvt
                                                           n, S
mac_inst/acc_register_reg[2]
                          SDFQD0BWP30P140HVT
                                          tcbn28hpcplusbwp30p140hvt
                                                           n, S
mac_inst/acc_register_reg[3]
                          SDFQD0BWP30P140HVT
                                          tcbn28hpcplusbwp30p140hvt
                                                           n, S
mac_inst/acc_register_reg[4]
                          SDFQD0BWP30P140HVT
                                          tcbn28hpcplusbwp30p140hvt
                                                           n, S
mac_inst/acc_register_reg[5]
                          SDFQD0BWP30P140HVT
                                          tcbn28hpcplusbwp30p140hvt
                                                           n, S
mac_inst/acc_register_reg[6]
                          SDFQD0BWP30P140HVT
                                          tcbn28hpcplusbwp30p140hvt
                                                           n, S
mac_inst/acc_register_reg[7]
                          SDFQD0BWP30P140HVT
                                          tcbn28hpcplusbwp30p140hvt
                                                           n, S
mac_inst/acc_register_reg[8]
                          SDFQD0BWP30P140HVT
                                          tcbn28hpcplusbwp30p140hvt
                                                           n, S
mac_inst/acc_register_reg[9]
                          SDFQD0BWP30P140HVT
                                          tcbn28hpcplusbwp30p140hvt
                                                           n, S
mac_inst/add_40/U_10      FA1D1BWP30P140HVT
                                          tcbn28hpcplusbwp30p140hvt
mac_inst/add_40/U_13      FA1D1BWP30P140HVT
                                          tcbn28hpcplusbwp30p140hvt
mac_inst/add_40/U_15      FA1D0BWP30P140HVT
                                          tcbn28hpcplusbwp30p140hvt
mac_inst/add_40/U_18      FA1D0BWP30P140HVT
                                          tcbn28hpcplusbwp30p140hvt
mac_inst/add_40/U_20      FA1D0BWP30P140HVT
                                          tcbn28hpcplusbwp30p140hvt
mac_inst/add_40/U_23      FA1D0BWP30P140HVT
                                          tcbn28hpcplusbwp30p140hvt
mac_inst/add_40/U_25      FA1D0BWP30P140HVT
                                          tcbn28hpcplusbwp30p140hvt
mac_inst/add_40/U_28      FA1D0BWP30P140HVT
                                          tcbn28hpcplusbwp30p140hvt
mac_inst/add_40/U_3       FA1D1BWP30P140HVT
                                          tcbn28hpcplusbwp30p140hvt
mac_inst/add_40/U_30      FA1D0BWP30P140HVT
                                          tcbn28hpcplusbwp30p140hvt
mac_inst/add_40/U_33      FA1D0BWP30P140HVT
                                          tcbn28hpcplusbwp30p140hvt
mac_inst/add_40/U_35      FA1D0BWP30P140HVT
                                          tcbn28hpcplusbwp30p140hvt
mac_inst/add_40/U_38      FA1D0BWP30P140HVT
                                          tcbn28hpcplusbwp30p140hvt
mac_inst/add_40/U_5       FA1D1BWP30P140HVT
                                          tcbn28hpcplusbwp30p140hvt
mac_inst/add_40/U_8       FA1D1BWP30P140HVT
                                          tcbn28hpcplusbwp30p140hvt
mac_inst/add_40/ctmi_1645 ND2D0BWP30P140HVT
                                          tcbn28hpcplusbwp30p140hvt
mac_inst/add_40/ctmi_1646 ND2D0BWP30P140HVT
                                          tcbn28hpcplusbwp30p140hvt
mac_inst/add_40/ctmi_1647 AN2D1BWP30P140HVT
                                          tcbn28hpcplusbwp30p140hvt
mac_inst/add_40/ctmi_1649 IAO21D0BWP30P140HVT
                                          tcbn28hpcplusbwp30p140hvt
mac_inst/add_40/ctmi_1654 ND2D0BWP30P140HVT
                                          tcbn28hpcplusbwp30p140hvt
mac_inst/mul_register_reg[0]
                          SDFQD0BWP30P140HVT
                                          tcbn28hpcplusbwp30p140hvt
                                                           n, S
mac_inst/mul_register_reg[10]
                          SDFQD0BWP30P140HVT
                                          tcbn28hpcplusbwp30p140hvt
                                                           n, S
mac_inst/mul_register_reg[11]
                          SDFQD0BWP30P140HVT
                                          tcbn28hpcplusbwp30p140hvt
                                                           n, S
mac_inst/mul_register_reg[12]
                          SDFQD0BWP30P140HVT
                                          tcbn28hpcplusbwp30p140hvt
                                                           n, S
mac_inst/mul_register_reg[13]
                          SDFQD0BWP30P140HVT
                                          tcbn28hpcplusbwp30p140hvt
                                                           n, S
mac_inst/mul_register_reg[14]
                          SDFQD0BWP30P140HVT
                                          tcbn28hpcplusbwp30p140hvt
                                                           n, S
mac_inst/mul_register_reg[15]
                          SDFQD0BWP30P140HVT
                                          tcbn28hpcplusbwp30p140hvt
                                                           n, S
mac_inst/mul_register_reg[1]
                          SDFQD0BWP30P140HVT
                                          tcbn28hpcplusbwp30p140hvt
                                                           n, S
mac_inst/mul_register_reg[2]
                          SDFQD0BWP30P140HVT
                                          tcbn28hpcplusbwp30p140hvt
                                                           n, S
mac_inst/mul_register_reg[3]
                          SDFQD0BWP30P140HVT
                                          tcbn28hpcplusbwp30p140hvt
                                                           n, S
mac_inst/mul_register_reg[4]
                          SDFQD0BWP30P140HVT
                                          tcbn28hpcplusbwp30p140hvt
                                                           n, S
mac_inst/mul_register_reg[5]
                          SDFQD0BWP30P140HVT
                                          tcbn28hpcplusbwp30p140hvt
                                                           n, S
mac_inst/mul_register_reg[6]
                          SDFQD0BWP30P140HVT
                                          tcbn28hpcplusbwp30p140hvt
                                                           n, S
mac_inst/mul_register_reg[7]
                          SDFQD0BWP30P140HVT
                                          tcbn28hpcplusbwp30p140hvt
                                                           n, S
mac_inst/mul_register_reg[8]
                          SDFQD0BWP30P140HVT
                                          tcbn28hpcplusbwp30p140hvt
                                                           n, S
mac_inst/mul_register_reg[9]
                          SDFQD0BWP30P140HVT
                                          tcbn28hpcplusbwp30p140hvt
                                                           n, S
mac_inst/mult_22/U_100    FA1D1BWP30P140HVT
                                          tcbn28hpcplusbwp30p140hvt
mac_inst/mult_22/U_102    FA1D1BWP30P140HVT
                                          tcbn28hpcplusbwp30p140hvt
mac_inst/mult_22/U_103    FA1D1BWP30P140HVT
                                          tcbn28hpcplusbwp30p140hvt
mac_inst/mult_22/U_104    FA1D1BWP30P140HVT
                                          tcbn28hpcplusbwp30p140hvt
mac_inst/mult_22/U_105    FA1D0BWP30P140HVT
                                          tcbn28hpcplusbwp30p140hvt
mac_inst/mult_22/U_106    FA1D1BWP30P140HVT
                                          tcbn28hpcplusbwp30p140hvt
mac_inst/mult_22/U_107    FA1D0BWP30P140HVT
                                          tcbn28hpcplusbwp30p140hvt
mac_inst/mult_22/U_108    FA1D0BWP30P140HVT
                                          tcbn28hpcplusbwp30p140hvt
mac_inst/mult_22/U_109    FA1D0BWP30P140HVT
                                          tcbn28hpcplusbwp30p140hvt
mac_inst/mult_22/U_110    FA1D0BWP30P140HVT
                                          tcbn28hpcplusbwp30p140hvt
mac_inst/mult_22/U_111    FA1D0BWP30P140HVT
                                          tcbn28hpcplusbwp30p140hvt
mac_inst/mult_22/U_112    FA1D0BWP30P140HVT
                                          tcbn28hpcplusbwp30p140hvt
mac_inst/mult_22/U_113    FA1D0BWP30P140HVT
                                          tcbn28hpcplusbwp30p140hvt
mac_inst/mult_22/U_114    FA1D0BWP30P140HVT
                                          tcbn28hpcplusbwp30p140hvt
mac_inst/mult_22/U_115    FA1D0BWP30P140HVT
                                          tcbn28hpcplusbwp30p140hvt
mac_inst/mult_22/U_116    FA1D0BWP30P140HVT
                                          tcbn28hpcplusbwp30p140hvt
mac_inst/mult_22/U_117    FA1D0BWP30P140HVT
                                          tcbn28hpcplusbwp30p140hvt
mac_inst/mult_22/U_118    FA1D0BWP30P140HVT
                                          tcbn28hpcplusbwp30p140hvt
mac_inst/mult_22/U_119    FA1D0BWP30P140HVT
                                          tcbn28hpcplusbwp30p140hvt
mac_inst/mult_22/U_120    FA1D0BWP30P140HVT
                                          tcbn28hpcplusbwp30p140hvt
mac_inst/mult_22/U_121    FA1D0BWP30P140HVT
                                          tcbn28hpcplusbwp30p140hvt
mac_inst/mult_22/U_82     FA1D1BWP30P140HVT
                                          tcbn28hpcplusbwp30p140hvt
mac_inst/mult_22/U_84     FA1D1BWP30P140HVT
                                          tcbn28hpcplusbwp30p140hvt
mac_inst/mult_22/U_85     FA1D1BWP30P140HVT
                                          tcbn28hpcplusbwp30p140hvt
mac_inst/mult_22/U_87     FA1D0BWP30P140HVT
                                          tcbn28hpcplusbwp30p140hvt
mac_inst/mult_22/U_88     FA1D0BWP30P140HVT
                                          tcbn28hpcplusbwp30p140hvt
mac_inst/mult_22/U_89     FA1D1BWP30P140HVT
                                          tcbn28hpcplusbwp30p140hvt
mac_inst/mult_22/U_91     FA1D1BWP30P140HVT
                                          tcbn28hpcplusbwp30p140hvt
mac_inst/mult_22/U_92     FA1D0BWP30P140HVT
                                          tcbn28hpcplusbwp30p140hvt
mac_inst/mult_22/U_93     FA1D1BWP30P140HVT
                                          tcbn28hpcplusbwp30p140hvt
mac_inst/mult_22/U_94     FA1D0BWP30P140  tcbn28hpcplusbwp30p140
mac_inst/mult_22/U_96     FA1D1BWP30P140HVT
                                          tcbn28hpcplusbwp30p140hvt
mac_inst/mult_22/U_97     FA1D1BWP30P140HVT
                                          tcbn28hpcplusbwp30p140hvt
mac_inst/mult_22/U_98     FA1D1BWP30P140HVT
                                          tcbn28hpcplusbwp30p140hvt
mac_inst/mult_22/U_99     FA1D1BWP30P140HVT
                                          tcbn28hpcplusbwp30p140hvt
mac_inst/mult_22/ctmi_108 IOA21D1BWP30P140HVT
                                          tcbn28hpcplusbwp30p140hvt
mac_inst/mult_22/ctmi_110 AN2D0BWP30P140HVT
                                          tcbn28hpcplusbwp30p140hvt
mac_inst/mult_22/ctmi_112 OAI21D0P7BWP30P140HVT
                                          tcbn28hpcplusbwp30p140hvt
mac_inst/mult_22/ctmi_113 OA21D1BWP30P140HVT
                                          tcbn28hpcplusbwp30p140hvt
mac_inst/mult_22/ctmi_114 NR2D0BWP30P140HVT
                                          tcbn28hpcplusbwp30p140hvt
mac_inst/mult_22/ctmi_115 AOI21D0P7BWP30P140HVT
                                          tcbn28hpcplusbwp30p140hvt
mac_inst/mult_22/ctmi_116 OAI21D0P7BWP30P140HVT
                                          tcbn28hpcplusbwp30p140hvt
mac_inst/mult_22/ctmi_117 NR2D0BWP30P140HVT
                                          tcbn28hpcplusbwp30p140hvt
mac_inst/mult_22/ctmi_118 AOI21D0P7BWP30P140HVT
                                          tcbn28hpcplusbwp30p140hvt
mac_inst/mult_22/ctmi_119 OAI21D1BWP30P140
                                          tcbn28hpcplusbwp30p140
mac_inst/mult_22/ctmi_120 NR2D0BWP30P140HVT
                                          tcbn28hpcplusbwp30p140hvt
mac_inst/mult_22/ctmi_121 OA21D1BWP30P140 tcbn28hpcplusbwp30p140
mac_inst/mult_22/ctmi_122 OA21D1BWP30P140HVT
                                          tcbn28hpcplusbwp30p140hvt
mac_inst/mult_22/ctmi_123 NR2OPTIBD1BWP30P140HVT
                                          tcbn28hpcplusbwp30p140hvt
mac_inst/mult_22/ctmi_124 OA21D1BWP30P140HVT
                                          tcbn28hpcplusbwp30p140hvt
mac_inst/mult_22/ctmi_125 OA21D0BWP30P140HVT
                                          tcbn28hpcplusbwp30p140hvt
mac_inst/mult_22/ctmi_126 NR2OPTIBD1BWP30P140HVT
                                          tcbn28hpcplusbwp30p140hvt
mac_inst/mult_22/ctmi_127 OA21D0BWP30P140HVT
                                          tcbn28hpcplusbwp30p140hvt
mac_inst/mult_22/ctmi_128 NR2D0BWP30P140HVT
                                          tcbn28hpcplusbwp30p140hvt
mac_inst/mult_22/ctmi_129 NR2D0BWP30P140HVT
                                          tcbn28hpcplusbwp30p140hvt
mac_inst/mult_22/ctmi_130 ND2D0BWP30P140HVT
                                          tcbn28hpcplusbwp30p140hvt
mac_inst/mult_22/ctmi_131 ND2D0BWP30P140HVT
                                          tcbn28hpcplusbwp30p140hvt
mac_inst/mult_22/ctmi_132 NR2D0BWP30P140HVT
                                          tcbn28hpcplusbwp30p140hvt
mac_inst/mult_22/ctmi_133 NR2D0BWP30P140HVT
                                          tcbn28hpcplusbwp30p140hvt
mac_inst/mult_22/ctmi_134 ND2D0BWP30P140HVT
                                          tcbn28hpcplusbwp30p140hvt
mac_inst/mult_22/ctmi_135 ND2D0BWP30P140HVT
                                          tcbn28hpcplusbwp30p140hvt
mac_inst/mult_22/ctmi_136 NR2D0BWP30P140HVT
                                          tcbn28hpcplusbwp30p140hvt
mac_inst/mult_22/ctmi_137 ND2D0BWP30P140HVT
                                          tcbn28hpcplusbwp30p140hvt
mac_inst/mult_22/ctmi_138 XNR2UD0BWP30P140HVT
                                          tcbn28hpcplusbwp30p140hvt
mac_inst/mult_22/ctmi_139 ND2D0BWP30P140HVT
                                          tcbn28hpcplusbwp30p140hvt
mac_inst/mult_22/ctmi_140 ND2D0P7BWP30P140HVT
                                          tcbn28hpcplusbwp30p140hvt
mac_inst/mult_22/ctmi_141 NR2D0P7BWP30P140HVT
                                          tcbn28hpcplusbwp30p140hvt
mac_inst/mult_22/ctmi_142 ND2D0BWP30P140HVT
                                          tcbn28hpcplusbwp30p140hvt
mac_inst/mult_22/ctmi_143 ND2D0P7BWP30P140HVT
                                          tcbn28hpcplusbwp30p140hvt
mac_inst/mult_22/ctmi_144 NR2D0BWP30P140HVT
                                          tcbn28hpcplusbwp30p140hvt
mac_inst/mult_22/ctmi_145 ND2D0BWP30P140HVT
                                          tcbn28hpcplusbwp30p140hvt
mac_inst/mult_22/ctmi_146 ND2D0BWP30P140HVT
                                          tcbn28hpcplusbwp30p140hvt
mac_inst/mult_22/ctmi_147 OR2D1BWP30P140HVT
                                          tcbn28hpcplusbwp30p140hvt
mac_inst/mult_22/ctmi_148 AN2D0BWP30P140HVT
                                          tcbn28hpcplusbwp30p140hvt
mac_inst/mult_22/ctmi_149 ND2D0BWP30P140HVT
                                          tcbn28hpcplusbwp30p140hvt
mac_inst/mult_22/ctmi_150 OR2D0BWP30P140HVT
                                          tcbn28hpcplusbwp30p140hvt
mac_inst/mult_22/ctmi_151 AN2D0BWP30P140HVT
                                          tcbn28hpcplusbwp30p140hvt
mac_inst/mult_22/ctmi_152 ND2D0BWP30P140HVT
                                          tcbn28hpcplusbwp30p140hvt
mac_inst/mult_22/ctmi_153 NR2D0BWP30P140HVT
                                          tcbn28hpcplusbwp30p140hvt
mac_inst/mult_22/ctmi_154 ND2D0BWP30P140HVT
                                          tcbn28hpcplusbwp30p140hvt
mac_inst/mult_22/ctmi_155 ND2D0BWP30P140HVT
                                          tcbn28hpcplusbwp30p140hvt
mac_inst/mult_22/ctmi_156 XNR2UD0BWP30P140HVT
                                          tcbn28hpcplusbwp30p140hvt
mac_inst/mult_22/ctmi_157 ND2D0BWP30P140HVT
                                          tcbn28hpcplusbwp30p140hvt
mac_inst/mult_22/ctmi_158 XNR2UD0BWP30P140HVT
                                          tcbn28hpcplusbwp30p140hvt
mac_inst/mult_22/ctmi_159 INR2D0BWP30P140HVT
                                          tcbn28hpcplusbwp30p140hvt
mac_inst/mult_22/ctmi_160 XNR2UD0BWP30P140HVT
                                          tcbn28hpcplusbwp30p140hvt
mac_inst/mult_22/ctmi_161 INR2D0BWP30P140HVT
                                          tcbn28hpcplusbwp30p140hvt
mac_inst/mult_22/ctmi_162 XNR2UD0BWP30P140HVT
                                          tcbn28hpcplusbwp30p140hvt
mac_inst/mult_22/ctmi_163 IND2D0BWP30P140HVT
                                          tcbn28hpcplusbwp30p140hvt
mac_inst/mult_22/ctmi_164 XNR2UD0BWP30P140HVT
                                          tcbn28hpcplusbwp30p140hvt
mac_inst/mult_22/ctmi_165 INR2D0BWP30P140HVT
                                          tcbn28hpcplusbwp30p140hvt
mac_inst/mult_22/ctmi_166 XNR2UD0BWP30P140HVT
                                          tcbn28hpcplusbwp30p140hvt
mac_inst/mult_22/ctmi_167 IND2D0BWP30P140HVT
                                          tcbn28hpcplusbwp30p140hvt
mac_inst/mult_22/ctmi_168 XNR2UD0BWP30P140HVT
                                          tcbn28hpcplusbwp30p140hvt
mac_inst/mult_22/ctmi_169 INR2D0BWP30P140HVT
                                          tcbn28hpcplusbwp30p140hvt
mac_inst/mult_22/ctmi_170 XNR2UD0BWP30P140HVT
                                          tcbn28hpcplusbwp30p140hvt
mac_inst/mult_22/ctmi_171 INR2D0BWP30P140HVT
                                          tcbn28hpcplusbwp30p140hvt
mac_inst/mult_22/ctmi_180 XOR2UD0BWP30P140HVT
                                          tcbn28hpcplusbwp30p140hvt
mac_inst/mult_22/ctmi_181 AOI21D0BWP30P140HVT
                                          tcbn28hpcplusbwp30p140hvt
mac_inst/mult_22/ctmi_182 AOI21D0BWP30P140HVT
                                          tcbn28hpcplusbwp30p140hvt
mac_inst/mult_22/ctmi_184 AN2D1BWP30P140HVT
                                          tcbn28hpcplusbwp30p140hvt
mac_inst/mult_22/ctmi_185 AN2D1BWP30P140HVT
                                          tcbn28hpcplusbwp30p140hvt
mac_inst/mult_22/ctmi_186 XOR2UD0BWP30P140HVT
                                          tcbn28hpcplusbwp30p140hvt
mac_inst/mult_22/ctmi_187 CKND2D0BWP30P140HVT
                                          tcbn28hpcplusbwp30p140hvt
mac_inst/mult_22/ctmi_188 CKND2D0BWP30P140HVT
                                          tcbn28hpcplusbwp30p140hvt
mac_inst/mult_22/ctmi_189 AN2D1BWP30P140HVT
                                          tcbn28hpcplusbwp30p140hvt
mac_inst/mult_22/ctmi_190 AN2D1BWP30P140HVT
                                          tcbn28hpcplusbwp30p140hvt
mac_inst/mult_22/ctmi_191 AN2D1BWP30P140HVT
                                          tcbn28hpcplusbwp30p140hvt
mac_inst/mult_22/ctmi_192 XOR2UD0BWP30P140HVT
                                          tcbn28hpcplusbwp30p140hvt
mac_inst/mult_22/ctmi_193 CKND2D0BWP30P140HVT
                                          tcbn28hpcplusbwp30p140hvt
mac_inst/mult_22/ctmi_194 ND2D0BWP30P140HVT
                                          tcbn28hpcplusbwp30p140hvt
mac_inst/mult_22/ctmi_195 NR2D0BWP30P140HVT
                                          tcbn28hpcplusbwp30p140hvt
mac_inst/mult_22/ctmi_196 AN2D1BWP30P140HVT
                                          tcbn28hpcplusbwp30p140hvt
mac_inst/mult_22/ctmi_197 AN2D1BWP30P140HVT
                                          tcbn28hpcplusbwp30p140hvt
mac_inst/mult_22/ctmi_198 AN2D0BWP30P140HVT
                                          tcbn28hpcplusbwp30p140hvt
mac_inst/mult_22/ctmi_199 AN2D1BWP30P140HVT
                                          tcbn28hpcplusbwp30p140hvt
mac_inst/mult_22/ctmi_200 XOR2UD1BWP30P140HVT
                                          tcbn28hpcplusbwp30p140hvt
mac_inst/mult_22/ctmi_201 CKND2D0BWP30P140HVT
                                          tcbn28hpcplusbwp30p140hvt
mac_inst/mult_22/ctmi_202 CKND2D0BWP30P140HVT
                                          tcbn28hpcplusbwp30p140hvt
mac_inst/mult_22/ctmi_203 NR2D0BWP30P140HVT
                                          tcbn28hpcplusbwp30p140hvt
mac_inst/mult_22/ctmi_204 AN2D1BWP30P140HVT
                                          tcbn28hpcplusbwp30p140hvt
mac_inst/mult_22/ctmi_205 AN2D1BWP30P140HVT
                                          tcbn28hpcplusbwp30p140hvt
mac_inst/mult_22/ctmi_206 AN2D1BWP30P140HVT
                                          tcbn28hpcplusbwp30p140hvt
mac_inst/mult_22/ctmi_207 AN2D1BWP30P140HVT
                                          tcbn28hpcplusbwp30p140hvt
mac_inst/mult_22/ctmi_208 AN2D1BWP30P140HVT
                                          tcbn28hpcplusbwp30p140hvt
mac_inst/mult_22/ctmi_209 XOR2UD0BWP30P140HVT
                                          tcbn28hpcplusbwp30p140hvt
mac_inst/mult_22/ctmi_210 CKND2D0BWP30P140HVT
                                          tcbn28hpcplusbwp30p140hvt
mac_inst/mult_22/ctmi_211 CKND2D0BWP30P140HVT
                                          tcbn28hpcplusbwp30p140hvt
mac_inst/mult_22/ctmi_212 NR2D0BWP30P140HVT
                                          tcbn28hpcplusbwp30p140hvt
mac_inst/mult_22/ctmi_213 AN2D0BWP30P140HVT
                                          tcbn28hpcplusbwp30p140hvt
mac_inst/mult_22/ctmi_214 AN2D0BWP30P140HVT
                                          tcbn28hpcplusbwp30p140hvt
mac_inst/mult_22/ctmi_215 AN2D0BWP30P140HVT
                                          tcbn28hpcplusbwp30p140hvt
mac_inst/mult_22/ctmi_216 AN2D1BWP30P140HVT
                                          tcbn28hpcplusbwp30p140hvt
mac_inst/mult_22/ctmi_217 AN2D0BWP30P140HVT
                                          tcbn28hpcplusbwp30p140hvt
mac_inst/mult_22/ctmi_218 AN2D0BWP30P140HVT
                                          tcbn28hpcplusbwp30p140hvt
mac_inst/mult_22/ctmi_219 XOR2UD1BWP30P140HVT
                                          tcbn28hpcplusbwp30p140hvt
mac_inst/mult_22/ctmi_220 ND2D0BWP30P140HVT
                                          tcbn28hpcplusbwp30p140hvt
mac_inst/mult_22/ctmi_221 CKND2D0BWP30P140HVT
                                          tcbn28hpcplusbwp30p140hvt
mac_inst/mult_22/ctmi_222 NR2D0BWP30P140HVT
                                          tcbn28hpcplusbwp30p140hvt
mac_inst/mult_22/ctmi_223 AN2D1BWP30P140HVT
                                          tcbn28hpcplusbwp30p140hvt
mac_inst/mult_22/ctmi_224 AN2D1BWP30P140HVT
                                          tcbn28hpcplusbwp30p140hvt
mac_inst/mult_22/ctmi_225 AN2D1BWP30P140HVT
                                          tcbn28hpcplusbwp30p140hvt
mac_inst/mult_22/ctmi_226 AN2D1BWP30P140HVT
                                          tcbn28hpcplusbwp30p140hvt
mac_inst/mult_22/ctmi_227 AN2D1BWP30P140HVT
                                          tcbn28hpcplusbwp30p140hvt
mac_inst/mult_22/ctmi_228 XOR2UD1BWP30P140HVT
                                          tcbn28hpcplusbwp30p140hvt
mac_inst/mult_22/ctmi_229 CKND2D0BWP30P140HVT
                                          tcbn28hpcplusbwp30p140hvt
mac_inst/mult_22/ctmi_230 CKND2D0BWP30P140HVT
                                          tcbn28hpcplusbwp30p140hvt
mac_inst/mult_22/ctmi_231 NR2D0BWP30P140HVT
                                          tcbn28hpcplusbwp30p140hvt
mac_inst/mult_22/ctmi_232 AN2D1BWP30P140HVT
                                          tcbn28hpcplusbwp30p140hvt
mac_inst/mult_22/ctmi_233 AN2D1BWP30P140HVT
                                          tcbn28hpcplusbwp30p140hvt
mac_inst/mult_22/ctmi_234 AN2D0BWP30P140HVT
                                          tcbn28hpcplusbwp30p140hvt
mac_inst/mult_22/ctmi_235 AN2D1BWP30P140HVT
                                          tcbn28hpcplusbwp30p140hvt
mac_inst/mult_22/ctmi_236 AN2D1BWP30P140HVT
                                          tcbn28hpcplusbwp30p140hvt
mac_inst/mult_22/ctmi_237 AN2D0BWP30P140HVT
                                          tcbn28hpcplusbwp30p140hvt
mac_inst/mult_22/ctmi_238 NR2D0BWP30P140HVT
                                          tcbn28hpcplusbwp30p140hvt
mac_inst/mult_22/ctmi_239 AN2D1BWP30P140HVT
                                          tcbn28hpcplusbwp30p140hvt
mac_inst/mult_22/ctmi_240 AN2D1BWP30P140HVT
                                          tcbn28hpcplusbwp30p140hvt
mac_inst/mult_22/ctmi_241 AN2D0BWP30P140HVT
                                          tcbn28hpcplusbwp30p140hvt
mac_inst/mult_22/ctmi_242 AN2D1BWP30P140HVT
                                          tcbn28hpcplusbwp30p140hvt
mac_inst/mult_22/ctmi_243 AN2D1BWP30P140HVT
                                          tcbn28hpcplusbwp30p140hvt
mac_inst/mult_22/ctmi_244 AN2D1BWP30P140HVT
                                          tcbn28hpcplusbwp30p140hvt
mac_inst/mult_22/ctmi_245 AN2D0BWP30P140HVT
                                          tcbn28hpcplusbwp30p140hvt
mac_inst/mult_22/ctmi_246 AN2D0BWP30P140HVT
                                          tcbn28hpcplusbwp30p140hvt
mac_inst/mult_22/ctmi_247 AN2D1BWP30P140HVT
                                          tcbn28hpcplusbwp30p140hvt
mac_inst/mult_22/ctmi_248 AN2D1BWP30P140HVT
                                          tcbn28hpcplusbwp30p140hvt
mac_inst/mult_22/ctmi_249 AN2D1BWP30P140HVT
                                          tcbn28hpcplusbwp30p140hvt
mac_inst/mult_22/ctmi_250 AN2D0BWP30P140HVT
                                          tcbn28hpcplusbwp30p140hvt
mac_inst/mult_22/ctmi_251 AN2D0BWP30P140HVT
                                          tcbn28hpcplusbwp30p140hvt
mac_inst/mult_22/ctmi_252 AN2D1BWP30P140HVT
                                          tcbn28hpcplusbwp30p140hvt
optlc_4541                TIELBWP30P140HVT
                                          tcbn28hpcplusbwp30p140hvt
optlc_4542                TIELBWP30P140HVT
                                          tcbn28hpcplusbwp30p140hvt
optlc_4543                TIELBWP30P140HVT
                                          tcbn28hpcplusbwp30p140hvt
optlc_4544                TIELBWP30P140HVT
                                          tcbn28hpcplusbwp30p140hvt
optlc_4545                TIELBWP30P140HVT
                                          tcbn28hpcplusbwp30p140hvt
optlc_4546                TIELBWP30P140HVT
                                          tcbn28hpcplusbwp30p140hvt
optlc_4547                TIELBWP30P140HVT
                                          tcbn28hpcplusbwp30p140hvt
optlc_4548                TIELBWP30P140HVT
                                          tcbn28hpcplusbwp30p140hvt
optlc_4549                TIELBWP30P140HVT
                                          tcbn28hpcplusbwp30p140hvt
optlc_4550                TIELBWP30P140HVT
                                          tcbn28hpcplusbwp30p140hvt
optlc_4551                TIELBWP30P140HVT
                                          tcbn28hpcplusbwp30p140hvt
optlc_4552                TIELBWP30P140HVT
                                          tcbn28hpcplusbwp30p140hvt
optlc_4553                TIELBWP30P140HVT
                                          tcbn28hpcplusbwp30p140hvt
optlc_4554                TIELBWP30P140HVT
                                          tcbn28hpcplusbwp30p140hvt
optlc_4555                TIELBWP30P140HVT
                                          tcbn28hpcplusbwp30p140hvt
optlc_4556                TIELBWP30P140HVT
                                          tcbn28hpcplusbwp30p140hvt
optlc_4557                TIELBWP30P140HVT
                                          tcbn28hpcplusbwp30p140hvt
optlc_4558                TIELBWP30P140HVT
                                          tcbn28hpcplusbwp30p140hvt
optlc_4559                TIELBWP30P140HVT
                                          tcbn28hpcplusbwp30p140hvt
optlc_4560                TIELBWP30P140HVT
                                          tcbn28hpcplusbwp30p140hvt
optlc_4561                TIELBWP30P140HVT
                                          tcbn28hpcplusbwp30p140hvt
optlc_4562                TIELBWP30P140HVT
                                          tcbn28hpcplusbwp30p140hvt
optlc_4563                TIELBWP30P140HVT
                                          tcbn28hpcplusbwp30p140hvt
optlc_4564                TIELBWP30P140HVT
                                          tcbn28hpcplusbwp30p140hvt
optlc_4565                TIELBWP30P140HVT
                                          tcbn28hpcplusbwp30p140hvt
optlc_4566                TIELBWP30P140HVT
                                          tcbn28hpcplusbwp30p140hvt
optlc_4567                TIELBWP30P140HVT
                                          tcbn28hpcplusbwp30p140hvt
optlc_4568                TIELBWP30P140HVT
                                          tcbn28hpcplusbwp30p140hvt
optlc_4569                TIELBWP30P140HVT
                                          tcbn28hpcplusbwp30p140hvt
optlc_4570                TIELBWP30P140HVT
                                          tcbn28hpcplusbwp30p140hvt
optlc_4571                TIELBWP30P140HVT
                                          tcbn28hpcplusbwp30p140hvt
optlc_4572                TIELBWP30P140HVT
                                          tcbn28hpcplusbwp30p140hvt
optlc_4573                TIELBWP30P140HVT
                                          tcbn28hpcplusbwp30p140hvt
optlc_4574                TIELBWP30P140HVT
                                          tcbn28hpcplusbwp30p140hvt
optlc_4575                TIELBWP30P140HVT
                                          tcbn28hpcplusbwp30p140hvt
optlc_4576                TIELBWP30P140HVT
                                          tcbn28hpcplusbwp30p140hvt
optlc_4577                TIELBWP30P140HVT
                                          tcbn28hpcplusbwp30p140hvt
optlc_4578                TIELBWP30P140HVT
                                          tcbn28hpcplusbwp30p140hvt
optlc_4579                TIELBWP30P140HVT
                                          tcbn28hpcplusbwp30p140hvt
optlc_4580                TIELBWP30P140HVT
                                          tcbn28hpcplusbwp30p140hvt
optlc_4581                TIELBWP30P140HVT
                                          tcbn28hpcplusbwp30p140hvt
optlc_4582                TIELBWP30P140HVT
                                          tcbn28hpcplusbwp30p140hvt
optlc_4583                TIELBWP30P140HVT
                                          tcbn28hpcplusbwp30p140hvt
optlc_4584                TIELBWP30P140HVT
                                          tcbn28hpcplusbwp30p140hvt
optlc_4585                TIELBWP30P140HVT
                                          tcbn28hpcplusbwp30p140hvt
optlc_4586                TIELBWP30P140HVT
                                          tcbn28hpcplusbwp30p140hvt
optlc_4587                TIELBWP30P140HVT
                                          tcbn28hpcplusbwp30p140hvt
optlc_4588                TIELBWP30P140HVT
                                          tcbn28hpcplusbwp30p140hvt
optlc_4589                TIELBWP30P140HVT
                                          tcbn28hpcplusbwp30p140hvt
optlc_4590                TIELBWP30P140HVT
                                          tcbn28hpcplusbwp30p140hvt
optlc_4591                TIELBWP30P140HVT
                                          tcbn28hpcplusbwp30p140hvt
optlc_4592                TIELBWP30P140HVT
                                          tcbn28hpcplusbwp30p140hvt
optlc_4593                TIELBWP30P140HVT
                                          tcbn28hpcplusbwp30p140hvt
optlc_4594                TIELBWP30P140HVT
                                          tcbn28hpcplusbwp30p140hvt
optlc_4595                TIELBWP30P140HVT
                                          tcbn28hpcplusbwp30p140hvt
optlc_4596                TIELBWP30P140HVT
                                          tcbn28hpcplusbwp30p140hvt
optlc_4597                TIELBWP30P140HVT
                                          tcbn28hpcplusbwp30p140hvt
optlc_4598                TIELBWP30P140HVT
                                          tcbn28hpcplusbwp30p140hvt
optlc_4599                TIEHBWP30P140HVT
                                          tcbn28hpcplusbwp30p140hvt
optlc_4600                TIEHBWP30P140HVT
                                          tcbn28hpcplusbwp30p140hvt
optlc_4601                TIEHBWP30P140HVT
                                          tcbn28hpcplusbwp30p140hvt
optlc_4602                TIEHBWP30P140HVT
                                          tcbn28hpcplusbwp30p140hvt
phfnr_buf_330             CKND0BWP30P140HVT
                                          tcbn28hpcplusbwp30p140hvt
phfnr_buf_331             CKND0BWP30P140HVT
                                          tcbn28hpcplusbwp30p140hvt
phfnr_buf_332             CKND0BWP30P140HVT
                                          tcbn28hpcplusbwp30p140hvt
phfnr_buf_333             CKND0BWP30P140HVT
                                          tcbn28hpcplusbwp30p140hvt
phfnr_buf_334             CKND0BWP30P140HVT
                                          tcbn28hpcplusbwp30p140hvt
phfnr_buf_335             CKND0BWP30P140HVT
                                          tcbn28hpcplusbwp30p140hvt
phfnr_buf_336             CKND0BWP30P140HVT
                                          tcbn28hpcplusbwp30p140hvt
phfnr_buf_337             CKND0BWP30P140HVT
                                          tcbn28hpcplusbwp30p140hvt
phfnr_buf_338             CKND0BWP30P140HVT
                                          tcbn28hpcplusbwp30p140hvt
phfnr_buf_339             CKND0BWP30P140HVT
                                          tcbn28hpcplusbwp30p140hvt
phfnr_buf_340             CKND0BWP30P140HVT
                                          tcbn28hpcplusbwp30p140hvt
phfnr_buf_341             CKND0BWP30P140HVT
                                          tcbn28hpcplusbwp30p140hvt
phfnr_buf_343             CKND0BWP30P140HVT
                                          tcbn28hpcplusbwp30p140hvt
phfnr_buf_344             CKND0BWP30P140HVT
                                          tcbn28hpcplusbwp30p140hvt
phfnr_buf_346             CKND0BWP30P140HVT
                                          tcbn28hpcplusbwp30p140hvt
phfnr_buf_347             CKND0BWP30P140HVT
                                          tcbn28hpcplusbwp30p140hvt
weight_mem                TS6N28HPCPHVTA64X8M4FWBSO
                                          ts6n28hpcphvta64x8m4fwbso_200b_new
                                                           n, S, D
--------------------------------------------------------------------------------
Total 610 cells

1
