****************************************
Report : power
        -significant_digits 2
Design : top
Version: V-2023.12-SP3
Date   : Thu Apr 24 12:12:43 2025
****************************************
Information: Activity propagation will be performed for scenario FUNC_Slow.
Information: Doing activity propagation for mode 'FUNC' and corner 'Slow' with effort level 'medium'. (POW-024)
Information: Timer-derived activity data is cached on scenario FUNC_Slow (POW-052)
Infomation: Fast mode activity propagation power.rtl_activity_annotation setup is ignored. Always use accurate mode.
Information: Running switching activity propagation with 8 threads!

 **** Information : No. of simulation cycles = 6 ****
Information: The stitching and editing of coupling caps is turned OFF for design 'neuron_top.dlib:top.design'. (TIM-125)
Information: Design Average RC for design top  (NEX-011)
Information: r = 3.973514 ohm/um, via_r = 7.425738 ohm/cut, c = 0.129335 ff/um, cc = 0.000000 ff/um (X dir) (NEX-017)
Information: r = 4.093648 ohm/um, via_r = 8.080894 ohm/cut, c = 0.129861 ff/um, cc = 0.000000 ff/um (Y dir) (NEX-017)
Information: The RC mode used is VR for design 'top'. (NEX-022)
Information: Update timing completed net estimation for all the timing graph nets (TIM-111)
Information: Net estimation statistics: timing graph nets = 679, routed nets = 0, across physical hierarchy nets = 0, parasitics cached nets = 679, delay annotated nets = 0, parasitics annotated nets = 0, multi-voltage nets = 89. (TIM-112)
Mode: FUNC
Corner: Slow
Scenario: FUNC_Slow
Voltage: 0.99
Temperature: 0.00

Voltage Unit         : 1V
Capacitance Unit     : 1pF
Time Unit            : 1ns
Temperature Unit     : 1C
Dynamic Power Unit   : 1nW
Leakage Power Unit   : 1nW

Switched supply net power scaling:
scaling for leakage power

Supply nets:
VDD (power) probability 1.00 (default)
VSS (ground) probability 1.00 (default)
Warning: Power table extrapolation (extrapolation mode) for port CP on cell ctrl_inst/rd_ptr_reg[5] for parameter Tinp. Lowest table value = inf, highest table value = inf, value = 0.200000 (POW-046)
Warning: Power table extrapolation (extrapolation mode) for port CP on cell ctrl_inst/rd_ptr_reg[4] for parameter Tinp. Lowest table value = inf, highest table value = inf, value = 0.200000 (POW-046)
Warning: Power table extrapolation (extrapolation mode) for port CP on cell ctrl_inst/rd_ptr_reg[3] for parameter Tinp. Lowest table value = inf, highest table value = inf, value = 0.200000 (POW-046)
Warning: Power table extrapolation (extrapolation mode) for port CP on cell ctrl_inst/rd_ptr_reg[2] for parameter Tinp. Lowest table value = inf, highest table value = inf, value = 0.200000 (POW-046)
Warning: Power table extrapolation (extrapolation mode) for port CP on cell ctrl_inst/rd_ptr_reg[1] for parameter Tinp. Lowest table value = inf, highest table value = inf, value = 0.200000 (POW-046)
Warning: Power table extrapolation (extrapolation mode) for port CP on cell ctrl_inst/rd_ptr_reg[0] for parameter Tinp. Lowest table value = inf, highest table value = inf, value = 0.200000 (POW-046)
Warning: Power table extrapolation (extrapolation mode) for port A2 on cell ctmi_1352 for parameter Tinp. Lowest table value = 0.001700, highest table value = 0.602200, value = 0.001278 (POW-046)
Warning: Power table extrapolation (extrapolation mode) for port AA[0] on cell image_mem for parameter Tinp. Lowest table value = inf, highest table value = inf, value = 0.148239 (POW-046)
Warning: Power table extrapolation (extrapolation mode) for port AA[0] on cell image_mem for parameter Cout. Lowest table value = inf, highest table value = inf, value = 0.000000 (POW-046)
Warning: Power table extrapolation (extrapolation mode) for port AA[1] on cell image_mem for parameter Tinp. Lowest table value = inf, highest table value = inf, value = 0.149269 (POW-046)
Note - message 'POW-046' limit (10) exceeded. Remainder will be suppressed.
Warning: Rise-Fall toggles on pin TSMAP_TSBUF_439/Z are impossible given input states; converted to zero toggles. (POW-069)
Warning: Rise-Fall toggles on pin TSMAP_TSBUF_440/Z are impossible given input states; converted to zero toggles. (POW-069)
Warning: Rise-Fall toggles on pin TSMAP_TSBUF_441/Z are impossible given input states; converted to zero toggles. (POW-069)
Warning: Rise-Fall toggles on pin TSMAP_TSBUF_442/Z are impossible given input states; converted to zero toggles. (POW-069)
Warning: Rise-Fall toggles on pin TSMAP_TSBUF_443/Z are impossible given input states; converted to zero toggles. (POW-069)
Warning: Rise-Fall toggles on pin TSMAP_TSBUF_444/Z are impossible given input states; converted to zero toggles. (POW-069)
Warning: Rise-Fall toggles on pin TSMAP_TSBUF_445/Z are impossible given input states; converted to zero toggles. (POW-069)
Warning: Rise-Fall toggles on pin TSMAP_TSBUF_446/Z are impossible given input states; converted to zero toggles. (POW-069)
Warning: Rise-Fall toggles on pin TSMAP_TSBUF_447/Z are impossible given input states; converted to zero toggles. (POW-069)
Warning: Rise-Fall toggles on pin TSMAP_TSBUF_448/Z are impossible given input states; converted to zero toggles. (POW-069)
Note - message 'POW-069' limit (10) exceeded. Remainder will be suppressed.

  Cell Internal Power    = 4.25e+06 nW ( 98.6%)
  Net Switching Power    = 5.84e+04 nW (  1.4%)
Total Dynamic Power      = 4.31e+06 nW (100.0%)

Cell Leakage Power       = 2.62e+03 nW


  Attributes
  ----------
      u  -  User defined power group
      i  -  Includes clock pin internal power

Power Group         Internal Power        Switching Power          Leakage Power            Total Power    (   %  )    Attrs
-----------------------------------------------------------------------------------------------------------------------------
io_pad                    0.00e+00               0.00e+00               0.00e+00               0.00e+00    (  0.0%)         
memory                    3.83e+06               5.75e+03               2.25e+03               3.84e+06    ( 89.1%)         
black_box                 0.00e+00               0.00e+00               0.00e+00               0.00e+00    (  0.0%)         
clock_network             3.59e+05               0.00e+00               0.00e+00               3.59e+05    (  8.3%)        i
register                  1.01e+04               1.09e+04               1.32e+02               2.11e+04    (  0.5%)         
sequential                0.00e+00               0.00e+00               0.00e+00               0.00e+00    (  0.0%)         
combinational             4.88e+04               4.18e+04               2.43e+02               9.09e+04    (  2.1%)         
-----------------------------------------------------------------------------------------------------------------------------
Total                     4.25e+06 nW            5.84e+04 nW            2.62e+03 nW            4.31e+06 nW
1
