****************************************
Report : qor
Design : top
Version: V-2023.12-SP3
Date   : Thu Apr 24 12:12:43 2025
****************************************


Scenario           'FUNC_Fast'
Timing Path Group  '**in2reg_default**'
----------------------------------------
Levels of Logic:                      0
Critical Path Length:              0.00
Critical Path Slack:               0.18
Critical Path Clk Period:          1.00
Total Negative Slack:              0.00
No. of Violating Paths:               0
----------------------------------------

Scenario           'FUNC_Fast'
Timing Path Group  '**reg2out_default**'
----------------------------------------
Levels of Logic:                     23
Critical Path Length:              0.65
Critical Path Slack:               0.00
Critical Path Clk Period:          1.00
Total Negative Slack:              0.00
No. of Violating Paths:               0
----------------------------------------

Scenario           'FUNC_Fast'
Timing Path Group  '**in2out_default**'
----------------------------------------
Levels of Logic:                      4
Critical Path Length:              0.48
Critical Path Slack:               0.17
Critical Path Clk Period:          1.00
Total Negative Slack:              0.00
No. of Violating Paths:               0
----------------------------------------

Scenario           'FUNC_Fast'
Timing Path Group  'clk'
----------------------------------------
Levels of Logic:                     17
Critical Path Length:              0.83
Critical Path Slack:               0.00
Critical Path Clk Period:          1.00
Total Negative Slack:              0.00
No. of Violating Paths:               0
Worst Hold Violation:             -0.12
Total Hold Violation:             -1.80
No. of Hold Violations:              30
----------------------------------------

Scenario           'FUNC_Slow'
Timing Path Group  '**in2reg_default**'
----------------------------------------
Levels of Logic:                      0
Critical Path Length:              0.01
Critical Path Slack:               0.17
Critical Path Clk Period:          1.00
Total Negative Slack:              0.00
No. of Violating Paths:               0
----------------------------------------

Scenario           'FUNC_Slow'
Timing Path Group  '**reg2out_default**'
----------------------------------------
Levels of Logic:                     23
Critical Path Length:              0.64
Critical Path Slack:               0.01
Critical Path Clk Period:          1.00
Total Negative Slack:              0.00
No. of Violating Paths:               0
----------------------------------------

Scenario           'FUNC_Slow'
Timing Path Group  '**in2out_default**'
----------------------------------------
Levels of Logic:                      4
Critical Path Length:              0.47
Critical Path Slack:               0.18
Critical Path Clk Period:          1.00
Total Negative Slack:              0.00
No. of Violating Paths:               0
----------------------------------------

Scenario           'FUNC_Slow'
Timing Path Group  'clk'
----------------------------------------
Levels of Logic:                     13
Critical Path Length:              0.82
Critical Path Slack:               0.00
Critical Path Clk Period:          1.00
Total Negative Slack:              0.00
No. of Violating Paths:               0
Worst Hold Violation:             -0.12
Total Hold Violation:             -1.86
No. of Hold Violations:              31
----------------------------------------


Cell Count
----------------------------------------
Hierarchical Cell Count:              0
Hierarchical Port Count:              0
Leaf Cell Count:                    610
Buf/Inv Cell Count:                  46
Buf Cell Count:                      16
Inv Cell Count:                      30
Combinational Cell Count:           507
   Single-bit Isolation Cell Count:                        0
   Multi-bit Isolation Cell Count:                         0
   Isolation Cell Banking Ratio:                           0.00%
   Single-bit Level Shifter Cell Count:                    0
   Multi-bit Level Shifter Cell Count:                     0
   Level Shifter Cell Banking Ratio:                       0.00%
   Single-bit ELS Cell Count:                              0
   Multi-bit ELS Cell Count:                               0
   ELS Cell Banking Ratio:                                 0.00%
Sequential Cell Count:              103
   Integrated Clock-Gating Cell Count:                     0
   Sequential Macro Cell Count:                            2
   Single-bit Sequential Cell Count:                       101
   Multi-bit Sequential Cell Count:                        0
   Sequential Cell Banking Ratio:                          0.00%
   BitsPerflop:                                            1.00
Macro Count:                          2
----------------------------------------


Area
----------------------------------------
Combinational Area:              362.00
Noncombinational Area:           243.05
Buf/Inv Area:                     13.61
Total Buffer Area:                 6.05
Total Inverter Area:               7.56
Macro/Black Box Area:           3901.37
Net Area:                             0
Net XLength:                    1877.49
Net YLength:                    3873.65
----------------------------------------
Cell Area (netlist):                           4506.42
Cell Area (netlist and physical only):         4506.42
Net Length:                     5751.14


Design Rules
----------------------------------------
Total Number of Nets:               681
Nets with Violations:                 0
Max Trans Violations:                 0
Max Cap Violations:                   0
----------------------------------------

1
